00:03:31 **** Incremental Build of configuration Debug for project nucleo-32_F303 ****
Info: Internal Builder is used for build
arm-atollic-eabi-gcc -c ..\app\src\main.c -mthumb -mcpu=cortex-m4 -mfloat-abi=hard -mfpu=fpv4-sp-d16 -std=gnu11 -DSTM32F303x8 -DUSE_HSI -IC:\Users\cyril\Documents\GitHub\MPU6050_STM32\nucleo-32_F303\app\inc -IC:\Users\cyril\Documents\GitHub\MPU6050_STM32\nucleo-32_F303\bsp\inc -IC:\Users\cyril\Documents\GitHub\MPU6050_STM32\nucleo-32_F303\cmsis\core -IC:\Users\cyril\Documents\GitHub\MPU6050_STM32\nucleo-32_F303\cmsis\device\inc -O0 -g -fstack-usage -Wall -specs=nano.specs -o app\src\main.o 
..\app\src\main.c: In function 'main':
..\app\src\main.c:40:2: warning: implicit declaration of function 'BSP_LED_Init' [-Wimplicit-function-declaration]
  BSP_LED_Init();
  ^~~~~~~~~~~~
..\app\src\main.c:99:3: warning: implicit declaration of function 'BSP_LED_Toggle' [-Wimplicit-function-declaration]
   BSP_LED_Toggle();
   ^~~~~~~~~~~~~~
..\app\src\main.c:34:11: warning: unused variable 'tx_data' [-Wunused-variable]
  uint8_t  tx_data[2];
           ^~~~~~~
In file included from ..\app\src\main.c:8:0:
..\app\src\main.c: At top level:
C:\Users\cyril\Documents\GitHub\MPU6050_STM32\nucleo-32_F303\bsp\inc/mpu9250.h:26:16: warning: 'MPU9250_SPI_SendByte' declared 'static' but never defined [-Wunused-function]
 static uint8_t MPU9250_SPI_SendByte  (uint8_t byte);
                ^~~~~~~~~~~~~~~~~~~~
arm-atollic-eabi-gcc -o nucleo-32_F303.elf app\src\MadgwickAHRS.o app\src\main.o app\src\printf-stdarg.o app\src\stm32f3xx_it.o bsp\src\bsp.o bsp\src\delay.o bsp\src\i2c.o bsp\src\mpu6050.o cmsis\device\src\startup_stm32f303x8.o cmsis\device\src\system_stm32f3xx.o -mthumb -mcpu=cortex-m4 -mfloat-abi=hard -mfpu=fpv4-sp-d16 -TC:\Users\cyril\Documents\GitHub\MPU6050_STM32\nucleo-32_F303\STM32F303K8Tx_FLASH.ld -specs=nosys.specs -static -Wl,-cref,-u,Reset_Handler -Wl,-Map=nucleo-32_F303.map -Wl,--defsym=malloc_getpagesize_P=0x80 -Wl,--start-group -lc -lm -Wl,--end-group -specs=nano.specs 
C:\Program Files (x86)\Atollic\TrueSTUDIO for STM32 9.3.0\ide\jre\bin\java -jar C:\Program Files (x86)\Atollic\TrueSTUDIO for STM32 9.3.0\Tools\arm-atollic-reports.jar sizeinfo list nucleo-32_F303.elf 
Generate build reports...
Print size information
   text	   data	    bss	    dec	    hex	filename
  15536	    128	   1656	  17320	   43a8	nucleo-32_F303.elf
Print size information done
Generate listing file
Output sent to: nucleo-32_F303.list
Generate listing file done
Generate build reports done
00:03:32 **** Rebuild of configuration Debug for project nucleo-32_F303 ****
Info: Internal Builder is used for build
arm-atollic-eabi-gcc -c ..\bsp\src\delay.c -mthumb -mcpu=cortex-m4 -mfloat-abi=hard -mfpu=fpv4-sp-d16 -std=gnu11 -DSTM32F303x8 -DUSE_HSI -IC:\Users\cyril\Documents\GitHub\MPU6050_STM32\nucleo-32_F303\app\inc -IC:\Users\cyril\Documents\GitHub\MPU6050_STM32\nucleo-32_F303\bsp\inc -IC:\Users\cyril\Documents\GitHub\MPU6050_STM32\nucleo-32_F303\cmsis\core -IC:\Users\cyril\Documents\GitHub\MPU6050_STM32\nucleo-32_F303\cmsis\device\inc -O0 -g -fstack-usage -Wall -specs=nano.specs -o bsp\src\delay.o 
arm-atollic-eabi-gcc -c ..\app\src\stm32f3xx_it.c -mthumb -mcpu=cortex-m4 -mfloat-abi=hard -mfpu=fpv4-sp-d16 -std=gnu11 -DSTM32F303x8 -DUSE_HSI -IC:\Users\cyril\Documents\GitHub\MPU6050_STM32\nucleo-32_F303\app\inc -IC:\Users\cyril\Documents\GitHub\MPU6050_STM32\nucleo-32_F303\bsp\inc -IC:\Users\cyril\Documents\GitHub\MPU6050_STM32\nucleo-32_F303\cmsis\core -IC:\Users\cyril\Documents\GitHub\MPU6050_STM32\nucleo-32_F303\cmsis\device\inc -O0 -g -fstack-usage -Wall -specs=nano.specs -o app\src\stm32f3xx_it.o 
arm-atollic-eabi-gcc -c -mthumb -mcpu=cortex-m4 -mfloat-abi=hard -mfpu=fpv4-sp-d16 -g -Wa,--warn -x assembler-with-cpp -specs=nano.specs -o cmsis\device\src\startup_stm32f303x8.o ..\cmsis\device\src\startup_stm32f303x8.s 
arm-atollic-eabi-gcc -c ..\app\src\main.c -mthumb -mcpu=cortex-m4 -mfloat-abi=hard -mfpu=fpv4-sp-d16 -std=gnu11 -DSTM32F303x8 -DUSE_HSI -IC:\Users\cyril\Documents\GitHub\MPU6050_STM32\nucleo-32_F303\app\inc -IC:\Users\cyril\Documents\GitHub\MPU6050_STM32\nucleo-32_F303\bsp\inc -IC:\Users\cyril\Documents\GitHub\MPU6050_STM32\nucleo-32_F303\cmsis\core -IC:\Users\cyril\Documents\GitHub\MPU6050_STM32\nucleo-32_F303\cmsis\device\inc -O0 -g -fstack-usage -Wall -specs=nano.specs -o app\src\main.o 
..\app\src\main.c: In function 'main':
..\app\src\main.c:40:2: warning: implicit declaration of function 'BSP_LED_Init' [-Wimplicit-function-declaration]
  BSP_LED_Init();
  ^~~~~~~~~~~~
..\app\src\main.c:99:3: warning: implicit declaration of function 'BSP_LED_Toggle' [-Wimplicit-function-declaration]
   BSP_LED_Toggle();
   ^~~~~~~~~~~~~~
..\app\src\main.c:34:11: warning: unused variable 'tx_data' [-Wunused-variable]
  uint8_t  tx_data[2];
           ^~~~~~~
In file included from ..\app\src\main.c:8:0:
..\app\src\main.c: At top level:
C:\Users\cyril\Documents\GitHub\MPU6050_STM32\nucleo-32_F303\bsp\inc/mpu9250.h:26:16: warning: 'MPU9250_SPI_SendByte' declared 'static' but never defined [-Wunused-function]
 static uint8_t MPU9250_SPI_SendByte  (uint8_t byte);
                ^~~~~~~~~~~~~~~~~~~~
arm-atollic-eabi-gcc -c ..\bsp\src\i2c.c -mthumb -mcpu=cortex-m4 -mfloat-abi=hard -mfpu=fpv4-sp-d16 -std=gnu11 -DSTM32F303x8 -DUSE_HSI -IC:\Users\cyril\Documents\GitHub\MPU6050_STM32\nucleo-32_F303\app\inc -IC:\Users\cyril\Documents\GitHub\MPU6050_STM32\nucleo-32_F303\bsp\inc -IC:\Users\cyril\Documents\GitHub\MPU6050_STM32\nucleo-32_F303\cmsis\core -IC:\Users\cyril\Documents\GitHub\MPU6050_STM32\nucleo-32_F303\cmsis\device\inc -O0 -g -fstack-usage -Wall -specs=nano.specs -o bsp\src\i2c.o 
arm-atollic-eabi-gcc -c ..\app\src\MadgwickAHRS.c -mthumb -mcpu=cortex-m4 -mfloat-abi=hard -mfpu=fpv4-sp-d16 -std=gnu11 -DSTM32F303x8 -DUSE_HSI -IC:\Users\cyril\Documents\GitHub\MPU6050_STM32\nucleo-32_F303\app\inc -IC:\Users\cyril\Documents\GitHub\MPU6050_STM32\nucleo-32_F303\bsp\inc -IC:\Users\cyril\Documents\GitHub\MPU6050_STM32\nucleo-32_F303\cmsis\core -IC:\Users\cyril\Documents\GitHub\MPU6050_STM32\nucleo-32_F303\cmsis\device\inc -O0 -g -fstack-usage -Wall -specs=nano.specs -o app\src\MadgwickAHRS.o 
arm-atollic-eabi-gcc -c ..\bsp\src\bsp.c -mthumb -mcpu=cortex-m4 -mfloat-abi=hard -mfpu=fpv4-sp-d16 -std=gnu11 -DSTM32F303x8 -DUSE_HSI -IC:\Users\cyril\Documents\GitHub\MPU6050_STM32\nucleo-32_F303\app\inc -IC:\Users\cyril\Documents\GitHub\MPU6050_STM32\nucleo-32_F303\bsp\inc -IC:\Users\cyril\Documents\GitHub\MPU6050_STM32\nucleo-32_F303\cmsis\core -IC:\Users\cyril\Documents\GitHub\MPU6050_STM32\nucleo-32_F303\cmsis\device\inc -O0 -g -fstack-usage -Wall -specs=nano.specs -o bsp\src\bsp.o 
arm-atollic-eabi-gcc -c ..\cmsis\device\src\system_stm32f3xx.c -mthumb -mcpu=cortex-m4 -mfloat-abi=hard -mfpu=fpv4-sp-d16 -std=gnu11 -DSTM32F303x8 -DUSE_HSI -IC:\Users\cyril\Documents\GitHub\MPU6050_STM32\nucleo-32_F303\app\inc -IC:\Users\cyril\Documents\GitHub\MPU6050_STM32\nucleo-32_F303\bsp\inc -IC:\Users\cyril\Documents\GitHub\MPU6050_STM32\nucleo-32_F303\cmsis\core -IC:\Users\cyril\Documents\GitHub\MPU6050_STM32\nucleo-32_F303\cmsis\device\inc -O0 -g -fstack-usage -Wall -specs=nano.specs -o cmsis\device\src\system_stm32f3xx.o 
arm-atollic-eabi-gcc -c ..\app\src\printf-stdarg.c -mthumb -mcpu=cortex-m4 -mfloat-abi=hard -mfpu=fpv4-sp-d16 -std=gnu11 -DSTM32F303x8 -DUSE_HSI -IC:\Users\cyril\Documents\GitHub\MPU6050_STM32\nucleo-32_F303\app\inc -IC:\Users\cyril\Documents\GitHub\MPU6050_STM32\nucleo-32_F303\bsp\inc -IC:\Users\cyril\Documents\GitHub\MPU6050_STM32\nucleo-32_F303\cmsis\core -IC:\Users\cyril\Documents\GitHub\MPU6050_STM32\nucleo-32_F303\cmsis\device\inc -O0 -g -fstack-usage -Wall -specs=nano.specs -o app\src\printf-stdarg.o 
arm-atollic-eabi-gcc -c ..\bsp\src\mpu6050.c -mthumb -mcpu=cortex-m4 -mfloat-abi=hard -mfpu=fpv4-sp-d16 -std=gnu11 -DSTM32F303x8 -DUSE_HSI -IC:\Users\cyril\Documents\GitHub\MPU6050_STM32\nucleo-32_F303\app\inc -IC:\Users\cyril\Documents\GitHub\MPU6050_STM32\nucleo-32_F303\bsp\inc -IC:\Users\cyril\Documents\GitHub\MPU6050_STM32\nucleo-32_F303\cmsis\core -IC:\Users\cyril\Documents\GitHub\MPU6050_STM32\nucleo-32_F303\cmsis\device\inc -O0 -g -fstack-usage -Wall -specs=nano.specs -o bsp\src\mpu6050.o 
In file included from ..\bsp\src\mpu6050.c:8:0:
C:\Users\cyril\Documents\GitHub\MPU6050_STM32\nucleo-32_F303\bsp\inc/mpu9250.h:26:16: warning: 'MPU9250_SPI_SendByte' declared 'static' but never defined [-Wunused-function]
 static uint8_t MPU9250_SPI_SendByte  (uint8_t byte);
                ^~~~~~~~~~~~~~~~~~~~
arm-atollic-eabi-gcc -o nucleo-32_F303.elf app\src\MadgwickAHRS.o app\src\main.o app\src\printf-stdarg.o app\src\stm32f3xx_it.o bsp\src\bsp.o bsp\src\delay.o bsp\src\i2c.o bsp\src\mpu6050.o cmsis\device\src\startup_stm32f303x8.o cmsis\device\src\system_stm32f3xx.o -mthumb -mcpu=cortex-m4 -mfloat-abi=hard -mfpu=fpv4-sp-d16 -TC:\Users\cyril\Documents\GitHub\MPU6050_STM32\nucleo-32_F303\STM32F303K8Tx_FLASH.ld -specs=nosys.specs -static -Wl,-cref,-u,Reset_Handler -Wl,-Map=nucleo-32_F303.map -Wl,--defsym=malloc_getpagesize_P=0x80 -Wl,--start-group -lc -lm -Wl,--end-group -specs=nano.specs 
C:\Program Files (x86)\Atollic\TrueSTUDIO for STM32 9.3.0\ide\jre\bin\java -jar C:\Program Files (x86)\Atollic\TrueSTUDIO for STM32 9.3.0\Tools\arm-atollic-reports.jar sizeinfo list nucleo-32_F303.elf 
Generate build reports...
Print size information
   text	   data	    bss	    dec	    hex	filename
  15536	    128	   1656	  17320	   43a8	nucleo-32_F303.elf
Print size information done
Generate listing file
Output sent to: nucleo-32_F303.list
Generate listing file done
Generate build reports done
Info: Nothing to build for nucleo-32_F303
00:16:28 **** Rebuild of configuration Debug for project nucleo-32_F303 ****
Info: Internal Builder is used for build
arm-atollic-eabi-gcc -c ..\app\src\main.c -mthumb -mcpu=cortex-m4 -mfloat-abi=hard -mfpu=fpv4-sp-d16 -std=gnu11 -DSTM32F303x8 -DUSE_HSI -IC:\Users\cyril\Documents\GitHub\MPU6050_STM32\nucleo-32_F303\app\inc -IC:\Users\cyril\Documents\GitHub\MPU6050_STM32\nucleo-32_F303\bsp\inc -IC:\Users\cyril\Documents\GitHub\MPU6050_STM32\nucleo-32_F303\cmsis\core -IC:\Users\cyril\Documents\GitHub\MPU6050_STM32\nucleo-32_F303\cmsis\device\inc -O0 -g -fstack-usage -Wall -specs=nano.specs -o app\src\main.o 
..\app\src\main.c: In function 'main':
..\app\src\main.c:40:2: warning: implicit declaration of function 'BSP_LED_Init' [-Wimplicit-function-declaration]
  BSP_LED_Init();
  ^~~~~~~~~~~~
..\app\src\main.c:99:3: warning: implicit declaration of function 'BSP_LED_Toggle' [-Wimplicit-function-declaration]
   BSP_LED_Toggle();
   ^~~~~~~~~~~~~~
..\app\src\main.c:34:11: warning: unused variable 'tx_data' [-Wunused-variable]
  uint8_t  tx_data[2];
           ^~~~~~~
In file included from ..\app\src\main.c:8:0:
..\app\src\main.c: At top level:
C:\Users\cyril\Documents\GitHub\MPU6050_STM32\nucleo-32_F303\bsp\inc/mpu9250.h:26:16: warning: 'MPU9250_SPI_SendByte' declared 'static' but never defined [-Wunused-function]
 static uint8_t MPU9250_SPI_SendByte  (uint8_t byte);
                ^~~~~~~~~~~~~~~~~~~~
arm-atollic-eabi-gcc -c ..\bsp\src\bsp.c -mthumb -mcpu=cortex-m4 -mfloat-abi=hard -mfpu=fpv4-sp-d16 -std=gnu11 -DSTM32F303x8 -DUSE_HSI -IC:\Users\cyril\Documents\GitHub\MPU6050_STM32\nucleo-32_F303\app\inc -IC:\Users\cyril\Documents\GitHub\MPU6050_STM32\nucleo-32_F303\bsp\inc -IC:\Users\cyril\Documents\GitHub\MPU6050_STM32\nucleo-32_F303\cmsis\core -IC:\Users\cyril\Documents\GitHub\MPU6050_STM32\nucleo-32_F303\cmsis\device\inc -O0 -g -fstack-usage -Wall -specs=nano.specs -o bsp\src\bsp.o 
arm-atollic-eabi-gcc -c ..\cmsis\device\src\system_stm32f3xx.c -mthumb -mcpu=cortex-m4 -mfloat-abi=hard -mfpu=fpv4-sp-d16 -std=gnu11 -DSTM32F303x8 -DUSE_HSI -IC:\Users\cyril\Documents\GitHub\MPU6050_STM32\nucleo-32_F303\app\inc -IC:\Users\cyril\Documents\GitHub\MPU6050_STM32\nucleo-32_F303\bsp\inc -IC:\Users\cyril\Documents\GitHub\MPU6050_STM32\nucleo-32_F303\cmsis\core -IC:\Users\cyril\Documents\GitHub\MPU6050_STM32\nucleo-32_F303\cmsis\device\inc -O0 -g -fstack-usage -Wall -specs=nano.specs -o cmsis\device\src\system_stm32f3xx.o 
arm-atollic-eabi-gcc -c ..\bsp\src\mpu6050.c -mthumb -mcpu=cortex-m4 -mfloat-abi=hard -mfpu=fpv4-sp-d16 -std=gnu11 -DSTM32F303x8 -DUSE_HSI -IC:\Users\cyril\Documents\GitHub\MPU6050_STM32\nucleo-32_F303\app\inc -IC:\Users\cyril\Documents\GitHub\MPU6050_STM32\nucleo-32_F303\bsp\inc -IC:\Users\cyril\Documents\GitHub\MPU6050_STM32\nucleo-32_F303\cmsis\core -IC:\Users\cyril\Documents\GitHub\MPU6050_STM32\nucleo-32_F303\cmsis\device\inc -O0 -g -fstack-usage -Wall -specs=nano.specs -o bsp\src\mpu6050.o 
In file included from ..\bsp\src\mpu6050.c:8:0:
C:\Users\cyril\Documents\GitHub\MPU6050_STM32\nucleo-32_F303\bsp\inc/mpu9250.h:26:16: warning: 'MPU9250_SPI_SendByte' declared 'static' but never defined [-Wunused-function]
 static uint8_t MPU9250_SPI_SendByte  (uint8_t byte);
                ^~~~~~~~~~~~~~~~~~~~
arm-atollic-eabi-gcc -c ..\bsp\src\i2c.c -mthumb -mcpu=cortex-m4 -mfloat-abi=hard -mfpu=fpv4-sp-d16 -std=gnu11 -DSTM32F303x8 -DUSE_HSI -IC:\Users\cyril\Documents\GitHub\MPU6050_STM32\nucleo-32_F303\app\inc -IC:\Users\cyril\Documents\GitHub\MPU6050_STM32\nucleo-32_F303\bsp\inc -IC:\Users\cyril\Documents\GitHub\MPU6050_STM32\nucleo-32_F303\cmsis\core -IC:\Users\cyril\Documents\GitHub\MPU6050_STM32\nucleo-32_F303\cmsis\device\inc -O0 -g -fstack-usage -Wall -specs=nano.specs -o bsp\src\i2c.o 
arm-atollic-eabi-gcc -c ..\app\src\MadgwickAHRS.c -mthumb -mcpu=cortex-m4 -mfloat-abi=hard -mfpu=fpv4-sp-d16 -std=gnu11 -DSTM32F303x8 -DUSE_HSI -IC:\Users\cyril\Documents\GitHub\MPU6050_STM32\nucleo-32_F303\app\inc -IC:\Users\cyril\Documents\GitHub\MPU6050_STM32\nucleo-32_F303\bsp\inc -IC:\Users\cyril\Documents\GitHub\MPU6050_STM32\nucleo-32_F303\cmsis\core -IC:\Users\cyril\Documents\GitHub\MPU6050_STM32\nucleo-32_F303\cmsis\device\inc -O0 -g -fstack-usage -Wall -specs=nano.specs -o app\src\MadgwickAHRS.o 
arm-atollic-eabi-gcc -c -mthumb -mcpu=cortex-m4 -mfloat-abi=hard -mfpu=fpv4-sp-d16 -g -Wa,--warn -x assembler-with-cpp -specs=nano.specs -o cmsis\device\src\startup_stm32f303x8.o ..\cmsis\device\src\startup_stm32f303x8.s 
arm-atollic-eabi-gcc -c ..\app\src\stm32f3xx_it.c -mthumb -mcpu=cortex-m4 -mfloat-abi=hard -mfpu=fpv4-sp-d16 -std=gnu11 -DSTM32F303x8 -DUSE_HSI -IC:\Users\cyril\Documents\GitHub\MPU6050_STM32\nucleo-32_F303\app\inc -IC:\Users\cyril\Documents\GitHub\MPU6050_STM32\nucleo-32_F303\bsp\inc -IC:\Users\cyril\Documents\GitHub\MPU6050_STM32\nucleo-32_F303\cmsis\core -IC:\Users\cyril\Documents\GitHub\MPU6050_STM32\nucleo-32_F303\cmsis\device\inc -O0 -g -fstack-usage -Wall -specs=nano.specs -o app\src\stm32f3xx_it.o 
arm-atollic-eabi-gcc -c ..\bsp\src\delay.c -mthumb -mcpu=cortex-m4 -mfloat-abi=hard -mfpu=fpv4-sp-d16 -std=gnu11 -DSTM32F303x8 -DUSE_HSI -IC:\Users\cyril\Documents\GitHub\MPU6050_STM32\nucleo-32_F303\app\inc -IC:\Users\cyril\Documents\GitHub\MPU6050_STM32\nucleo-32_F303\bsp\inc -IC:\Users\cyril\Documents\GitHub\MPU6050_STM32\nucleo-32_F303\cmsis\core -IC:\Users\cyril\Documents\GitHub\MPU6050_STM32\nucleo-32_F303\cmsis\device\inc -O0 -g -fstack-usage -Wall -specs=nano.specs -o bsp\src\delay.o 
arm-atollic-eabi-gcc -c ..\app\src\printf-stdarg.c -mthumb -mcpu=cortex-m4 -mfloat-abi=hard -mfpu=fpv4-sp-d16 -std=gnu11 -DSTM32F303x8 -DUSE_HSI -IC:\Users\cyril\Documents\GitHub\MPU6050_STM32\nucleo-32_F303\app\inc -IC:\Users\cyril\Documents\GitHub\MPU6050_STM32\nucleo-32_F303\bsp\inc -IC:\Users\cyril\Documents\GitHub\MPU6050_STM32\nucleo-32_F303\cmsis\core -IC:\Users\cyril\Documents\GitHub\MPU6050_STM32\nucleo-32_F303\cmsis\device\inc -O0 -g -fstack-usage -Wall -specs=nano.specs -o app\src\printf-stdarg.o 
arm-atollic-eabi-gcc -o nucleo-32_F303.elf app\src\MadgwickAHRS.o app\src\main.o app\src\printf-stdarg.o app\src\stm32f3xx_it.o bsp\src\bsp.o bsp\src\delay.o bsp\src\i2c.o bsp\src\mpu6050.o cmsis\device\src\startup_stm32f303x8.o cmsis\device\src\system_stm32f3xx.o -mthumb -mcpu=cortex-m4 -mfloat-abi=hard -mfpu=fpv4-sp-d16 -TC:\Users\cyril\Documents\GitHub\MPU6050_STM32\nucleo-32_F303\STM32F303K8Tx_FLASH.ld -specs=nosys.specs -static -Wl,-cref,-u,Reset_Handler -Wl,-Map=nucleo-32_F303.map -Wl,--defsym=malloc_getpagesize_P=0x80 -Wl,--start-group -lc -lm -Wl,--end-group -specs=nano.specs 
C:\Program Files (x86)\Atollic\TrueSTUDIO for STM32 9.3.0\ide\jre\bin\java -jar C:\Program Files (x86)\Atollic\TrueSTUDIO for STM32 9.3.0\Tools\arm-atollic-reports.jar sizeinfo list nucleo-32_F303.elf 
Generate build reports...
Print size information
   text	   data	    bss	    dec	    hex	filename
  15552	    128	   1656	  17336	   43b8	nucleo-32_F303.elf
Print size information done
Generate listing file
Output sent to: nucleo-32_F303.list
Generate listing file done
Generate build reports done
00:17:40 **** Rebuild of configuration Debug for project nucleo-32_F303 ****
Info: Internal Builder is used for build
arm-atollic-eabi-gcc -c ..\cmsis\device\src\system_stm32f3xx.c -mthumb -mcpu=cortex-m4 -mfloat-abi=hard -mfpu=fpv4-sp-d16 -std=gnu11 -DSTM32F303x8 -DUSE_HSI -IC:\Users\cyril\Documents\GitHub\MPU6050_STM32\nucleo-32_F303\app\inc -IC:\Users\cyril\Documents\GitHub\MPU6050_STM32\nucleo-32_F303\bsp\inc -IC:\Users\cyril\Documents\GitHub\MPU6050_STM32\nucleo-32_F303\cmsis\core -IC:\Users\cyril\Documents\GitHub\MPU6050_STM32\nucleo-32_F303\cmsis\device\inc -O0 -g -fstack-usage -Wall -specs=nano.specs -o cmsis\device\src\system_stm32f3xx.o 
arm-atollic-eabi-gcc -c ..\app\src\printf-stdarg.c -mthumb -mcpu=cortex-m4 -mfloat-abi=hard -mfpu=fpv4-sp-d16 -std=gnu11 -DSTM32F303x8 -DUSE_HSI -IC:\Users\cyril\Documents\GitHub\MPU6050_STM32\nucleo-32_F303\app\inc -IC:\Users\cyril\Documents\GitHub\MPU6050_STM32\nucleo-32_F303\bsp\inc -IC:\Users\cyril\Documents\GitHub\MPU6050_STM32\nucleo-32_F303\cmsis\core -IC:\Users\cyril\Documents\GitHub\MPU6050_STM32\nucleo-32_F303\cmsis\device\inc -O0 -g -fstack-usage -Wall -specs=nano.specs -o app\src\printf-stdarg.o 
arm-atollic-eabi-gcc -c ..\app\src\stm32f3xx_it.c -mthumb -mcpu=cortex-m4 -mfloat-abi=hard -mfpu=fpv4-sp-d16 -std=gnu11 -DSTM32F303x8 -DUSE_HSI -IC:\Users\cyril\Documents\GitHub\MPU6050_STM32\nucleo-32_F303\app\inc -IC:\Users\cyril\Documents\GitHub\MPU6050_STM32\nucleo-32_F303\bsp\inc -IC:\Users\cyril\Documents\GitHub\MPU6050_STM32\nucleo-32_F303\cmsis\core -IC:\Users\cyril\Documents\GitHub\MPU6050_STM32\nucleo-32_F303\cmsis\device\inc -O0 -g -fstack-usage -Wall -specs=nano.specs -o app\src\stm32f3xx_it.o 
arm-atollic-eabi-gcc -c ..\bsp\src\bsp.c -mthumb -mcpu=cortex-m4 -mfloat-abi=hard -mfpu=fpv4-sp-d16 -std=gnu11 -DSTM32F303x8 -DUSE_HSI -IC:\Users\cyril\Documents\GitHub\MPU6050_STM32\nucleo-32_F303\app\inc -IC:\Users\cyril\Documents\GitHub\MPU6050_STM32\nucleo-32_F303\bsp\inc -IC:\Users\cyril\Documents\GitHub\MPU6050_STM32\nucleo-32_F303\cmsis\core -IC:\Users\cyril\Documents\GitHub\MPU6050_STM32\nucleo-32_F303\cmsis\device\inc -O0 -g -fstack-usage -Wall -specs=nano.specs -o bsp\src\bsp.o 
arm-atollic-eabi-gcc -c ..\bsp\src\i2c.c -mthumb -mcpu=cortex-m4 -mfloat-abi=hard -mfpu=fpv4-sp-d16 -std=gnu11 -DSTM32F303x8 -DUSE_HSI -IC:\Users\cyril\Documents\GitHub\MPU6050_STM32\nucleo-32_F303\app\inc -IC:\Users\cyril\Documents\GitHub\MPU6050_STM32\nucleo-32_F303\bsp\inc -IC:\Users\cyril\Documents\GitHub\MPU6050_STM32\nucleo-32_F303\cmsis\core -IC:\Users\cyril\Documents\GitHub\MPU6050_STM32\nucleo-32_F303\cmsis\device\inc -O0 -g -fstack-usage -Wall -specs=nano.specs -o bsp\src\i2c.o 
arm-atollic-eabi-gcc -c ..\app\src\MadgwickAHRS.c -mthumb -mcpu=cortex-m4 -mfloat-abi=hard -mfpu=fpv4-sp-d16 -std=gnu11 -DSTM32F303x8 -DUSE_HSI -IC:\Users\cyril\Documents\GitHub\MPU6050_STM32\nucleo-32_F303\app\inc -IC:\Users\cyril\Documents\GitHub\MPU6050_STM32\nucleo-32_F303\bsp\inc -IC:\Users\cyril\Documents\GitHub\MPU6050_STM32\nucleo-32_F303\cmsis\core -IC:\Users\cyril\Documents\GitHub\MPU6050_STM32\nucleo-32_F303\cmsis\device\inc -O0 -g -fstack-usage -Wall -specs=nano.specs -o app\src\MadgwickAHRS.o 
arm-atollic-eabi-gcc -c ..\app\src\main.c -mthumb -mcpu=cortex-m4 -mfloat-abi=hard -mfpu=fpv4-sp-d16 -std=gnu11 -DSTM32F303x8 -DUSE_HSI -IC:\Users\cyril\Documents\GitHub\MPU6050_STM32\nucleo-32_F303\app\inc -IC:\Users\cyril\Documents\GitHub\MPU6050_STM32\nucleo-32_F303\bsp\inc -IC:\Users\cyril\Documents\GitHub\MPU6050_STM32\nucleo-32_F303\cmsis\core -IC:\Users\cyril\Documents\GitHub\MPU6050_STM32\nucleo-32_F303\cmsis\device\inc -O0 -g -fstack-usage -Wall -specs=nano.specs -o app\src\main.o 
..\app\src\main.c: In function 'main':
..\app\src\main.c:40:2: warning: implicit declaration of function 'BSP_LED_Init' [-Wimplicit-function-declaration]
  BSP_LED_Init();
  ^~~~~~~~~~~~
..\app\src\main.c:99:3: warning: implicit declaration of function 'BSP_LED_Toggle' [-Wimplicit-function-declaration]
   BSP_LED_Toggle();
   ^~~~~~~~~~~~~~
..\app\src\main.c:34:11: warning: unused variable 'tx_data' [-Wunused-variable]
  uint8_t  tx_data[2];
           ^~~~~~~
In file included from ..\app\src\main.c:8:0:
..\app\src\main.c: At top level:
C:\Users\cyril\Documents\GitHub\MPU6050_STM32\nucleo-32_F303\bsp\inc/mpu9250.h:26:16: warning: 'MPU9250_SPI_SendByte' declared 'static' but never defined [-Wunused-function]
 static uint8_t MPU9250_SPI_SendByte  (uint8_t byte);
                ^~~~~~~~~~~~~~~~~~~~
arm-atollic-eabi-gcc -c ..\bsp\src\mpu6050.c -mthumb -mcpu=cortex-m4 -mfloat-abi=hard -mfpu=fpv4-sp-d16 -std=gnu11 -DSTM32F303x8 -DUSE_HSI -IC:\Users\cyril\Documents\GitHub\MPU6050_STM32\nucleo-32_F303\app\inc -IC:\Users\cyril\Documents\GitHub\MPU6050_STM32\nucleo-32_F303\bsp\inc -IC:\Users\cyril\Documents\GitHub\MPU6050_STM32\nucleo-32_F303\cmsis\core -IC:\Users\cyril\Documents\GitHub\MPU6050_STM32\nucleo-32_F303\cmsis\device\inc -O0 -g -fstack-usage -Wall -specs=nano.specs -o bsp\src\mpu6050.o 
In file included from ..\bsp\src\mpu6050.c:8:0:
C:\Users\cyril\Documents\GitHub\MPU6050_STM32\nucleo-32_F303\bsp\inc/mpu9250.h:26:16: warning: 'MPU9250_SPI_SendByte' declared 'static' but never defined [-Wunused-function]
 static uint8_t MPU9250_SPI_SendByte  (uint8_t byte);
                ^~~~~~~~~~~~~~~~~~~~
arm-atollic-eabi-gcc -c ..\bsp\src\delay.c -mthumb -mcpu=cortex-m4 -mfloat-abi=hard -mfpu=fpv4-sp-d16 -std=gnu11 -DSTM32F303x8 -DUSE_HSI -IC:\Users\cyril\Documents\GitHub\MPU6050_STM32\nucleo-32_F303\app\inc -IC:\Users\cyril\Documents\GitHub\MPU6050_STM32\nucleo-32_F303\bsp\inc -IC:\Users\cyril\Documents\GitHub\MPU6050_STM32\nucleo-32_F303\cmsis\core -IC:\Users\cyril\Documents\GitHub\MPU6050_STM32\nucleo-32_F303\cmsis\device\inc -O0 -g -fstack-usage -Wall -specs=nano.specs -o bsp\src\delay.o 
arm-atollic-eabi-gcc -c -mthumb -mcpu=cortex-m4 -mfloat-abi=hard -mfpu=fpv4-sp-d16 -g -Wa,--warn -x assembler-with-cpp -specs=nano.specs -o cmsis\device\src\startup_stm32f303x8.o ..\cmsis\device\src\startup_stm32f303x8.s 
arm-atollic-eabi-gcc -o nucleo-32_F303.elf app\src\MadgwickAHRS.o app\src\main.o app\src\printf-stdarg.o app\src\stm32f3xx_it.o bsp\src\bsp.o bsp\src\delay.o bsp\src\i2c.o bsp\src\mpu6050.o cmsis\device\src\startup_stm32f303x8.o cmsis\device\src\system_stm32f3xx.o -mthumb -mcpu=cortex-m4 -mfloat-abi=hard -mfpu=fpv4-sp-d16 -TC:\Users\cyril\Documents\GitHub\MPU6050_STM32\nucleo-32_F303\STM32F303K8Tx_FLASH.ld -specs=nosys.specs -static -Wl,-cref,-u,Reset_Handler -Wl,-Map=nucleo-32_F303.map -Wl,--defsym=malloc_getpagesize_P=0x80 -Wl,--start-group -lc -lm -Wl,--end-group -specs=nano.specs 
C:\Program Files (x86)\Atollic\TrueSTUDIO for STM32 9.3.0\ide\jre\bin\java -jar C:\Program Files (x86)\Atollic\TrueSTUDIO for STM32 9.3.0\Tools\arm-atollic-reports.jar sizeinfo list nucleo-32_F303.elf 
Generate build reports...
Print size information
   text	   data	    bss	    dec	    hex	filename
  15552	    128	   1656	  17336	   43b8	nucleo-32_F303.elf
Print size information done
Generate listing file
Output sent to: nucleo-32_F303.list
Generate listing file done
Generate build reports done
Info: Nothing to build for nucleo-32_F303
07:47:33 **** Rebuild of configuration Debug for project nucleo-32_F303 ****
Info: Internal Builder is used for build
arm-atollic-eabi-gcc -c ..\app\src\stm32f3xx_it.c -mthumb -mcpu=cortex-m4 -mfloat-abi=hard -mfpu=fpv4-sp-d16 -std=gnu11 -DSTM32F303x8 -DUSE_HSI -IC:\Users\cyril\Documents\GitHub\MPU6050_STM32\nucleo-32_F303\app\inc -IC:\Users\cyril\Documents\GitHub\MPU6050_STM32\nucleo-32_F303\bsp\inc -IC:\Users\cyril\Documents\GitHub\MPU6050_STM32\nucleo-32_F303\cmsis\core -IC:\Users\cyril\Documents\GitHub\MPU6050_STM32\nucleo-32_F303\cmsis\device\inc -O0 -g -fstack-usage -Wall -specs=nano.specs -o app\src\stm32f3xx_it.o 
arm-atollic-eabi-gcc -c ..\bsp\src\delay.c -mthumb -mcpu=cortex-m4 -mfloat-abi=hard -mfpu=fpv4-sp-d16 -std=gnu11 -DSTM32F303x8 -DUSE_HSI -IC:\Users\cyril\Documents\GitHub\MPU6050_STM32\nucleo-32_F303\app\inc -IC:\Users\cyril\Documents\GitHub\MPU6050_STM32\nucleo-32_F303\bsp\inc -IC:\Users\cyril\Documents\GitHub\MPU6050_STM32\nucleo-32_F303\cmsis\core -IC:\Users\cyril\Documents\GitHub\MPU6050_STM32\nucleo-32_F303\cmsis\device\inc -O0 -g -fstack-usage -Wall -specs=nano.specs -o bsp\src\delay.o 
arm-atollic-eabi-gcc -c ..\cmsis\device\src\system_stm32f3xx.c -mthumb -mcpu=cortex-m4 -mfloat-abi=hard -mfpu=fpv4-sp-d16 -std=gnu11 -DSTM32F303x8 -DUSE_HSI -IC:\Users\cyril\Documents\GitHub\MPU6050_STM32\nucleo-32_F303\app\inc -IC:\Users\cyril\Documents\GitHub\MPU6050_STM32\nucleo-32_F303\bsp\inc -IC:\Users\cyril\Documents\GitHub\MPU6050_STM32\nucleo-32_F303\cmsis\core -IC:\Users\cyril\Documents\GitHub\MPU6050_STM32\nucleo-32_F303\cmsis\device\inc -O0 -g -fstack-usage -Wall -specs=nano.specs -o cmsis\device\src\system_stm32f3xx.o 
arm-atollic-eabi-gcc -c ..\app\src\printf-stdarg.c -mthumb -mcpu=cortex-m4 -mfloat-abi=hard -mfpu=fpv4-sp-d16 -std=gnu11 -DSTM32F303x8 -DUSE_HSI -IC:\Users\cyril\Documents\GitHub\MPU6050_STM32\nucleo-32_F303\app\inc -IC:\Users\cyril\Documents\GitHub\MPU6050_STM32\nucleo-32_F303\bsp\inc -IC:\Users\cyril\Documents\GitHub\MPU6050_STM32\nucleo-32_F303\cmsis\core -IC:\Users\cyril\Documents\GitHub\MPU6050_STM32\nucleo-32_F303\cmsis\device\inc -O0 -g -fstack-usage -Wall -specs=nano.specs -o app\src\printf-stdarg.o 
arm-atollic-eabi-gcc -c ..\app\src\main.c -mthumb -mcpu=cortex-m4 -mfloat-abi=hard -mfpu=fpv4-sp-d16 -std=gnu11 -DSTM32F303x8 -DUSE_HSI -IC:\Users\cyril\Documents\GitHub\MPU6050_STM32\nucleo-32_F303\app\inc -IC:\Users\cyril\Documents\GitHub\MPU6050_STM32\nucleo-32_F303\bsp\inc -IC:\Users\cyril\Documents\GitHub\MPU6050_STM32\nucleo-32_F303\cmsis\core -IC:\Users\cyril\Documents\GitHub\MPU6050_STM32\nucleo-32_F303\cmsis\device\inc -O0 -g -fstack-usage -Wall -specs=nano.specs -o app\src\main.o 
..\app\src\main.c: In function 'main':
..\app\src\main.c:40:2: warning: implicit declaration of function 'BSP_LED_Init' [-Wimplicit-function-declaration]
  BSP_LED_Init();
  ^~~~~~~~~~~~
..\app\src\main.c:99:3: warning: implicit declaration of function 'BSP_LED_Toggle' [-Wimplicit-function-declaration]
   BSP_LED_Toggle();
   ^~~~~~~~~~~~~~
..\app\src\main.c:34:11: warning: unused variable 'tx_data' [-Wunused-variable]
  uint8_t  tx_data[2];
           ^~~~~~~
In file included from ..\app\src\main.c:8:0:
..\app\src\main.c: At top level:
C:\Users\cyril\Documents\GitHub\MPU6050_STM32\nucleo-32_F303\bsp\inc/mpu9250.h:26:16: warning: 'MPU9250_SPI_SendByte' declared 'static' but never defined [-Wunused-function]
 static uint8_t MPU9250_SPI_SendByte  (uint8_t byte);
                ^~~~~~~~~~~~~~~~~~~~
arm-atollic-eabi-gcc -c ..\bsp\src\i2c.c -mthumb -mcpu=cortex-m4 -mfloat-abi=hard -mfpu=fpv4-sp-d16 -std=gnu11 -DSTM32F303x8 -DUSE_HSI -IC:\Users\cyril\Documents\GitHub\MPU6050_STM32\nucleo-32_F303\app\inc -IC:\Users\cyril\Documents\GitHub\MPU6050_STM32\nucleo-32_F303\bsp\inc -IC:\Users\cyril\Documents\GitHub\MPU6050_STM32\nucleo-32_F303\cmsis\core -IC:\Users\cyril\Documents\GitHub\MPU6050_STM32\nucleo-32_F303\cmsis\device\inc -O0 -g -fstack-usage -Wall -specs=nano.specs -o bsp\src\i2c.o 
arm-atollic-eabi-gcc -c -mthumb -mcpu=cortex-m4 -mfloat-abi=hard -mfpu=fpv4-sp-d16 -g -Wa,--warn -x assembler-with-cpp -specs=nano.specs -o cmsis\device\src\startup_stm32f303x8.o ..\cmsis\device\src\startup_stm32f303x8.s 
arm-atollic-eabi-gcc -c ..\bsp\src\bsp.c -mthumb -mcpu=cortex-m4 -mfloat-abi=hard -mfpu=fpv4-sp-d16 -std=gnu11 -DSTM32F303x8 -DUSE_HSI -IC:\Users\cyril\Documents\GitHub\MPU6050_STM32\nucleo-32_F303\app\inc -IC:\Users\cyril\Documents\GitHub\MPU6050_STM32\nucleo-32_F303\bsp\inc -IC:\Users\cyril\Documents\GitHub\MPU6050_STM32\nucleo-32_F303\cmsis\core -IC:\Users\cyril\Documents\GitHub\MPU6050_STM32\nucleo-32_F303\cmsis\device\inc -O0 -g -fstack-usage -Wall -specs=nano.specs -o bsp\src\bsp.o 
arm-atollic-eabi-gcc -c ..\bsp\src\mpu6050.c -mthumb -mcpu=cortex-m4 -mfloat-abi=hard -mfpu=fpv4-sp-d16 -std=gnu11 -DSTM32F303x8 -DUSE_HSI -IC:\Users\cyril\Documents\GitHub\MPU6050_STM32\nucleo-32_F303\app\inc -IC:\Users\cyril\Documents\GitHub\MPU6050_STM32\nucleo-32_F303\bsp\inc -IC:\Users\cyril\Documents\GitHub\MPU6050_STM32\nucleo-32_F303\cmsis\core -IC:\Users\cyril\Documents\GitHub\MPU6050_STM32\nucleo-32_F303\cmsis\device\inc -O0 -g -fstack-usage -Wall -specs=nano.specs -o bsp\src\mpu6050.o 
In file included from ..\bsp\src\mpu6050.c:8:0:
C:\Users\cyril\Documents\GitHub\MPU6050_STM32\nucleo-32_F303\bsp\inc/mpu9250.h:26:16: warning: 'MPU9250_SPI_SendByte' declared 'static' but never defined [-Wunused-function]
 static uint8_t MPU9250_SPI_SendByte  (uint8_t byte);
                ^~~~~~~~~~~~~~~~~~~~
arm-atollic-eabi-gcc -c ..\app\src\MadgwickAHRS.c -mthumb -mcpu=cortex-m4 -mfloat-abi=hard -mfpu=fpv4-sp-d16 -std=gnu11 -DSTM32F303x8 -DUSE_HSI -IC:\Users\cyril\Documents\GitHub\MPU6050_STM32\nucleo-32_F303\app\inc -IC:\Users\cyril\Documents\GitHub\MPU6050_STM32\nucleo-32_F303\bsp\inc -IC:\Users\cyril\Documents\GitHub\MPU6050_STM32\nucleo-32_F303\cmsis\core -IC:\Users\cyril\Documents\GitHub\MPU6050_STM32\nucleo-32_F303\cmsis\device\inc -O0 -g -fstack-usage -Wall -specs=nano.specs -o app\src\MadgwickAHRS.o 
arm-atollic-eabi-gcc -o nucleo-32_F303.elf app\src\MadgwickAHRS.o app\src\main.o app\src\printf-stdarg.o app\src\stm32f3xx_it.o bsp\src\bsp.o bsp\src\delay.o bsp\src\i2c.o bsp\src\mpu6050.o cmsis\device\src\startup_stm32f303x8.o cmsis\device\src\system_stm32f3xx.o -mthumb -mcpu=cortex-m4 -mfloat-abi=hard -mfpu=fpv4-sp-d16 -TC:\Users\cyril\Documents\GitHub\MPU6050_STM32\nucleo-32_F303\STM32F303K8Tx_FLASH.ld -specs=nosys.specs -static -Wl,-cref,-u,Reset_Handler -Wl,-Map=nucleo-32_F303.map -Wl,--defsym=malloc_getpagesize_P=0x80 -Wl,--start-group -lc -lm -Wl,--end-group -specs=nano.specs 
C:\Program Files (x86)\Atollic\TrueSTUDIO for STM32 9.3.0\ide\jre\bin\java -jar C:\Program Files (x86)\Atollic\TrueSTUDIO for STM32 9.3.0\Tools\arm-atollic-reports.jar sizeinfo list nucleo-32_F303.elf 
Generate build reports...
Print size information
   text	   data	    bss	    dec	    hex	filename
  15552	    128	   1656	  17336	   43b8	nucleo-32_F303.elf
Print size information done
Generate listing file
Output sent to: nucleo-32_F303.list
Generate listing file done
Generate build reports done
Info: Nothing to build for nucleo-32_F303
Info: Nothing to build for nucleo-32_F303
07:53:27 **** Rebuild of configuration Debug for project nucleo-32_F303 ****
Info: Internal Builder is used for build
arm-atollic-eabi-gcc -c ..\cmsis\device\src\system_stm32f3xx.c -mthumb -mcpu=cortex-m4 -mfloat-abi=hard -mfpu=fpv4-sp-d16 -std=gnu11 -DSTM32F303x8 -DUSE_HSI -IC:\Users\cyril\Documents\GitHub\MPU6050_STM32\nucleo-32_F303\app\inc -IC:\Users\cyril\Documents\GitHub\MPU6050_STM32\nucleo-32_F303\bsp\inc -IC:\Users\cyril\Documents\GitHub\MPU6050_STM32\nucleo-32_F303\cmsis\core -IC:\Users\cyril\Documents\GitHub\MPU6050_STM32\nucleo-32_F303\cmsis\device\inc -O0 -g -fstack-usage -Wall -specs=nano.specs -o cmsis\device\src\system_stm32f3xx.o 
arm-atollic-eabi-gcc -c -mthumb -mcpu=cortex-m4 -mfloat-abi=hard -mfpu=fpv4-sp-d16 -g -Wa,--warn -x assembler-with-cpp -specs=nano.specs -o cmsis\device\src\startup_stm32f303x8.o ..\cmsis\device\src\startup_stm32f303x8.s 
arm-atollic-eabi-gcc -c ..\app\src\printf-stdarg.c -mthumb -mcpu=cortex-m4 -mfloat-abi=hard -mfpu=fpv4-sp-d16 -std=gnu11 -DSTM32F303x8 -DUSE_HSI -IC:\Users\cyril\Documents\GitHub\MPU6050_STM32\nucleo-32_F303\app\inc -IC:\Users\cyril\Documents\GitHub\MPU6050_STM32\nucleo-32_F303\bsp\inc -IC:\Users\cyril\Documents\GitHub\MPU6050_STM32\nucleo-32_F303\cmsis\core -IC:\Users\cyril\Documents\GitHub\MPU6050_STM32\nucleo-32_F303\cmsis\device\inc -O0 -g -fstack-usage -Wall -specs=nano.specs -o app\src\printf-stdarg.o 
arm-atollic-eabi-gcc -c ..\bsp\src\delay.c -mthumb -mcpu=cortex-m4 -mfloat-abi=hard -mfpu=fpv4-sp-d16 -std=gnu11 -DSTM32F303x8 -DUSE_HSI -IC:\Users\cyril\Documents\GitHub\MPU6050_STM32\nucleo-32_F303\app\inc -IC:\Users\cyril\Documents\GitHub\MPU6050_STM32\nucleo-32_F303\bsp\inc -IC:\Users\cyril\Documents\GitHub\MPU6050_STM32\nucleo-32_F303\cmsis\core -IC:\Users\cyril\Documents\GitHub\MPU6050_STM32\nucleo-32_F303\cmsis\device\inc -O0 -g -fstack-usage -Wall -specs=nano.specs -o bsp\src\delay.o 
arm-atollic-eabi-gcc -c ..\app\src\main.c -mthumb -mcpu=cortex-m4 -mfloat-abi=hard -mfpu=fpv4-sp-d16 -std=gnu11 -DSTM32F303x8 -DUSE_HSI -IC:\Users\cyril\Documents\GitHub\MPU6050_STM32\nucleo-32_F303\app\inc -IC:\Users\cyril\Documents\GitHub\MPU6050_STM32\nucleo-32_F303\bsp\inc -IC:\Users\cyril\Documents\GitHub\MPU6050_STM32\nucleo-32_F303\cmsis\core -IC:\Users\cyril\Documents\GitHub\MPU6050_STM32\nucleo-32_F303\cmsis\device\inc -O0 -g -fstack-usage -Wall -specs=nano.specs -o app\src\main.o 
..\app\src\main.c: In function 'main':
..\app\src\main.c:40:2: warning: implicit declaration of function 'BSP_LED_Init' [-Wimplicit-function-declaration]
  BSP_LED_Init();
  ^~~~~~~~~~~~
..\app\src\main.c:98:26: error: 'q' undeclared (first use in this function)
    yaw   = atan2(2.0f * (q[1] * q[2] + q[0] * q[3]), q[0] * q[0] + q[1] * q[1] - q[2] * q[2] - q[3] * q[3])*180/3.14;
                          ^
..\app\src\main.c:98:26: note: each undeclared identifier is reported only once for each function it appears in
..\app\src\main.c:103:3: warning: implicit declaration of function 'BSP_LED_Toggle' [-Wimplicit-function-declaration]
   BSP_LED_Toggle();
   ^~~~~~~~~~~~~~
..\app\src\main.c:34:11: warning: unused variable 'tx_data' [-Wunused-variable]
  uint8_t  tx_data[2];
           ^~~~~~~
In file included from ..\app\src\main.c:8:0:
..\app\src\main.c: At top level:
C:\Users\cyril\Documents\GitHub\MPU6050_STM32\nucleo-32_F303\bsp\inc/mpu9250.h:26:16: warning: 'MPU9250_SPI_SendByte' declared 'static' but never defined [-Wunused-function]
 static uint8_t MPU9250_SPI_SendByte  (uint8_t byte);
                ^~~~~~~~~~~~~~~~~~~~
07:55:09 **** Rebuild of configuration Debug for project nucleo-32_F303 ****
Info: Internal Builder is used for build
arm-atollic-eabi-gcc -c ..\cmsis\device\src\system_stm32f3xx.c -mthumb -mcpu=cortex-m4 -mfloat-abi=hard -mfpu=fpv4-sp-d16 -std=gnu11 -DSTM32F303x8 -DUSE_HSI -IC:\Users\cyril\Documents\GitHub\MPU6050_STM32\nucleo-32_F303\app\inc -IC:\Users\cyril\Documents\GitHub\MPU6050_STM32\nucleo-32_F303\bsp\inc -IC:\Users\cyril\Documents\GitHub\MPU6050_STM32\nucleo-32_F303\cmsis\core -IC:\Users\cyril\Documents\GitHub\MPU6050_STM32\nucleo-32_F303\cmsis\device\inc -O0 -g -fstack-usage -Wall -specs=nano.specs -o cmsis\device\src\system_stm32f3xx.o 
arm-atollic-eabi-gcc -c ..\app\src\MadgwickAHRS.c -mthumb -mcpu=cortex-m4 -mfloat-abi=hard -mfpu=fpv4-sp-d16 -std=gnu11 -DSTM32F303x8 -DUSE_HSI -IC:\Users\cyril\Documents\GitHub\MPU6050_STM32\nucleo-32_F303\app\inc -IC:\Users\cyril\Documents\GitHub\MPU6050_STM32\nucleo-32_F303\bsp\inc -IC:\Users\cyril\Documents\GitHub\MPU6050_STM32\nucleo-32_F303\cmsis\core -IC:\Users\cyril\Documents\GitHub\MPU6050_STM32\nucleo-32_F303\cmsis\device\inc -O0 -g -fstack-usage -Wall -specs=nano.specs -o app\src\MadgwickAHRS.o 
arm-atollic-eabi-gcc -c ..\app\src\printf-stdarg.c -mthumb -mcpu=cortex-m4 -mfloat-abi=hard -mfpu=fpv4-sp-d16 -std=gnu11 -DSTM32F303x8 -DUSE_HSI -IC:\Users\cyril\Documents\GitHub\MPU6050_STM32\nucleo-32_F303\app\inc -IC:\Users\cyril\Documents\GitHub\MPU6050_STM32\nucleo-32_F303\bsp\inc -IC:\Users\cyril\Documents\GitHub\MPU6050_STM32\nucleo-32_F303\cmsis\core -IC:\Users\cyril\Documents\GitHub\MPU6050_STM32\nucleo-32_F303\cmsis\device\inc -O0 -g -fstack-usage -Wall -specs=nano.specs -o app\src\printf-stdarg.o 
arm-atollic-eabi-gcc -c ..\bsp\src\bsp.c -mthumb -mcpu=cortex-m4 -mfloat-abi=hard -mfpu=fpv4-sp-d16 -std=gnu11 -DSTM32F303x8 -DUSE_HSI -IC:\Users\cyril\Documents\GitHub\MPU6050_STM32\nucleo-32_F303\app\inc -IC:\Users\cyril\Documents\GitHub\MPU6050_STM32\nucleo-32_F303\bsp\inc -IC:\Users\cyril\Documents\GitHub\MPU6050_STM32\nucleo-32_F303\cmsis\core -IC:\Users\cyril\Documents\GitHub\MPU6050_STM32\nucleo-32_F303\cmsis\device\inc -O0 -g -fstack-usage -Wall -specs=nano.specs -o bsp\src\bsp.o 
arm-atollic-eabi-gcc -c ..\app\src\stm32f3xx_it.c -mthumb -mcpu=cortex-m4 -mfloat-abi=hard -mfpu=fpv4-sp-d16 -std=gnu11 -DSTM32F303x8 -DUSE_HSI -IC:\Users\cyril\Documents\GitHub\MPU6050_STM32\nucleo-32_F303\app\inc -IC:\Users\cyril\Documents\GitHub\MPU6050_STM32\nucleo-32_F303\bsp\inc -IC:\Users\cyril\Documents\GitHub\MPU6050_STM32\nucleo-32_F303\cmsis\core -IC:\Users\cyril\Documents\GitHub\MPU6050_STM32\nucleo-32_F303\cmsis\device\inc -O0 -g -fstack-usage -Wall -specs=nano.specs -o app\src\stm32f3xx_it.o 
arm-atollic-eabi-gcc -c ..\bsp\src\delay.c -mthumb -mcpu=cortex-m4 -mfloat-abi=hard -mfpu=fpv4-sp-d16 -std=gnu11 -DSTM32F303x8 -DUSE_HSI -IC:\Users\cyril\Documents\GitHub\MPU6050_STM32\nucleo-32_F303\app\inc -IC:\Users\cyril\Documents\GitHub\MPU6050_STM32\nucleo-32_F303\bsp\inc -IC:\Users\cyril\Documents\GitHub\MPU6050_STM32\nucleo-32_F303\cmsis\core -IC:\Users\cyril\Documents\GitHub\MPU6050_STM32\nucleo-32_F303\cmsis\device\inc -O0 -g -fstack-usage -Wall -specs=nano.specs -o bsp\src\delay.o 
arm-atollic-eabi-gcc -c ..\app\src\main.c -mthumb -mcpu=cortex-m4 -mfloat-abi=hard -mfpu=fpv4-sp-d16 -std=gnu11 -DSTM32F303x8 -DUSE_HSI -IC:\Users\cyril\Documents\GitHub\MPU6050_STM32\nucleo-32_F303\app\inc -IC:\Users\cyril\Documents\GitHub\MPU6050_STM32\nucleo-32_F303\bsp\inc -IC:\Users\cyril\Documents\GitHub\MPU6050_STM32\nucleo-32_F303\cmsis\core -IC:\Users\cyril\Documents\GitHub\MPU6050_STM32\nucleo-32_F303\cmsis\device\inc -O0 -g -fstack-usage -Wall -specs=nano.specs -o app\src\main.o 
..\app\src\main.c: In function 'main':
..\app\src\main.c:40:2: warning: implicit declaration of function 'BSP_LED_Init' [-Wimplicit-function-declaration]
  BSP_LED_Init();
  ^~~~~~~~~~~~
..\app\src\main.c:103:3: warning: implicit declaration of function 'BSP_LED_Toggle' [-Wimplicit-function-declaration]
   BSP_LED_Toggle();
   ^~~~~~~~~~~~~~
..\app\src\main.c:34:11: warning: unused variable 'tx_data' [-Wunused-variable]
  uint8_t  tx_data[2];
           ^~~~~~~
In file included from ..\app\src\main.c:8:0:
..\app\src\main.c: At top level:
C:\Users\cyril\Documents\GitHub\MPU6050_STM32\nucleo-32_F303\bsp\inc/mpu9250.h:26:16: warning: 'MPU9250_SPI_SendByte' declared 'static' but never defined [-Wunused-function]
 static uint8_t MPU9250_SPI_SendByte  (uint8_t byte);
                ^~~~~~~~~~~~~~~~~~~~
arm-atollic-eabi-gcc -c -mthumb -mcpu=cortex-m4 -mfloat-abi=hard -mfpu=fpv4-sp-d16 -g -Wa,--warn -x assembler-with-cpp -specs=nano.specs -o cmsis\device\src\startup_stm32f303x8.o ..\cmsis\device\src\startup_stm32f303x8.s 
arm-atollic-eabi-gcc -c ..\bsp\src\i2c.c -mthumb -mcpu=cortex-m4 -mfloat-abi=hard -mfpu=fpv4-sp-d16 -std=gnu11 -DSTM32F303x8 -DUSE_HSI -IC:\Users\cyril\Documents\GitHub\MPU6050_STM32\nucleo-32_F303\app\inc -IC:\Users\cyril\Documents\GitHub\MPU6050_STM32\nucleo-32_F303\bsp\inc -IC:\Users\cyril\Documents\GitHub\MPU6050_STM32\nucleo-32_F303\cmsis\core -IC:\Users\cyril\Documents\GitHub\MPU6050_STM32\nucleo-32_F303\cmsis\device\inc -O0 -g -fstack-usage -Wall -specs=nano.specs -o bsp\src\i2c.o 
arm-atollic-eabi-gcc -c ..\bsp\src\mpu6050.c -mthumb -mcpu=cortex-m4 -mfloat-abi=hard -mfpu=fpv4-sp-d16 -std=gnu11 -DSTM32F303x8 -DUSE_HSI -IC:\Users\cyril\Documents\GitHub\MPU6050_STM32\nucleo-32_F303\app\inc -IC:\Users\cyril\Documents\GitHub\MPU6050_STM32\nucleo-32_F303\bsp\inc -IC:\Users\cyril\Documents\GitHub\MPU6050_STM32\nucleo-32_F303\cmsis\core -IC:\Users\cyril\Documents\GitHub\MPU6050_STM32\nucleo-32_F303\cmsis\device\inc -O0 -g -fstack-usage -Wall -specs=nano.specs -o bsp\src\mpu6050.o 
In file included from ..\bsp\src\mpu6050.c:8:0:
C:\Users\cyril\Documents\GitHub\MPU6050_STM32\nucleo-32_F303\bsp\inc/mpu9250.h:26:16: warning: 'MPU9250_SPI_SendByte' declared 'static' but never defined [-Wunused-function]
 static uint8_t MPU9250_SPI_SendByte  (uint8_t byte);
                ^~~~~~~~~~~~~~~~~~~~
arm-atollic-eabi-gcc -o nucleo-32_F303.elf app\src\MadgwickAHRS.o app\src\main.o app\src\printf-stdarg.o app\src\stm32f3xx_it.o bsp\src\bsp.o bsp\src\delay.o bsp\src\i2c.o bsp\src\mpu6050.o cmsis\device\src\startup_stm32f303x8.o cmsis\device\src\system_stm32f3xx.o -mthumb -mcpu=cortex-m4 -mfloat-abi=hard -mfpu=fpv4-sp-d16 -TC:\Users\cyril\Documents\GitHub\MPU6050_STM32\nucleo-32_F303\STM32F303K8Tx_FLASH.ld -specs=nosys.specs -static -Wl,-cref,-u,Reset_Handler -Wl,-Map=nucleo-32_F303.map -Wl,--defsym=malloc_getpagesize_P=0x80 -Wl,--start-group -lc -lm -Wl,--end-group -specs=nano.specs 
C:\Program Files (x86)\Atollic\TrueSTUDIO for STM32 9.3.0\ide\jre\bin\java -jar C:\Program Files (x86)\Atollic\TrueSTUDIO for STM32 9.3.0\Tools\arm-atollic-reports.jar sizeinfo list nucleo-32_F303.elf 
Generate build reports...
Print size information
   text	   data	    bss	    dec	    hex	filename
  16620	    128	   1656	  18404	   47e4	nucleo-32_F303.elf
Print size information done
Generate listing file
Output sent to: nucleo-32_F303.list
Generate listing file done
Generate build reports done
Info: Nothing to build for nucleo-32_F303
07:59:46 **** Rebuild of configuration Debug for project nucleo-32_F303 ****
Info: Internal Builder is used for build
arm-atollic-eabi-gcc -c ..\app\src\printf-stdarg.c -mthumb -mcpu=cortex-m4 -mfloat-abi=hard -mfpu=fpv4-sp-d16 -std=gnu11 -DSTM32F303x8 -DUSE_HSI -IC:\Users\cyril\Documents\GitHub\MPU6050_STM32\nucleo-32_F303\app\inc -IC:\Users\cyril\Documents\GitHub\MPU6050_STM32\nucleo-32_F303\bsp\inc -IC:\Users\cyril\Documents\GitHub\MPU6050_STM32\nucleo-32_F303\cmsis\core -IC:\Users\cyril\Documents\GitHub\MPU6050_STM32\nucleo-32_F303\cmsis\device\inc -O0 -g -fstack-usage -Wall -specs=nano.specs -o app\src\printf-stdarg.o 
arm-atollic-eabi-gcc -c ..\bsp\src\mpu6050.c -mthumb -mcpu=cortex-m4 -mfloat-abi=hard -mfpu=fpv4-sp-d16 -std=gnu11 -DSTM32F303x8 -DUSE_HSI -IC:\Users\cyril\Documents\GitHub\MPU6050_STM32\nucleo-32_F303\app\inc -IC:\Users\cyril\Documents\GitHub\MPU6050_STM32\nucleo-32_F303\bsp\inc -IC:\Users\cyril\Documents\GitHub\MPU6050_STM32\nucleo-32_F303\cmsis\core -IC:\Users\cyril\Documents\GitHub\MPU6050_STM32\nucleo-32_F303\cmsis\device\inc -O0 -g -fstack-usage -Wall -specs=nano.specs -o bsp\src\mpu6050.o 
In file included from ..\bsp\src\mpu6050.c:8:0:
C:\Users\cyril\Documents\GitHub\MPU6050_STM32\nucleo-32_F303\bsp\inc/mpu9250.h:26:16: warning: 'MPU9250_SPI_SendByte' declared 'static' but never defined [-Wunused-function]
 static uint8_t MPU9250_SPI_SendByte  (uint8_t byte);
                ^~~~~~~~~~~~~~~~~~~~
arm-atollic-eabi-gcc -c ..\app\src\main.c -mthumb -mcpu=cortex-m4 -mfloat-abi=hard -mfpu=fpv4-sp-d16 -std=gnu11 -DSTM32F303x8 -DUSE_HSI -IC:\Users\cyril\Documents\GitHub\MPU6050_STM32\nucleo-32_F303\app\inc -IC:\Users\cyril\Documents\GitHub\MPU6050_STM32\nucleo-32_F303\bsp\inc -IC:\Users\cyril\Documents\GitHub\MPU6050_STM32\nucleo-32_F303\cmsis\core -IC:\Users\cyril\Documents\GitHub\MPU6050_STM32\nucleo-32_F303\cmsis\device\inc -O0 -g -fstack-usage -Wall -specs=nano.specs -o app\src\main.o 
..\app\src\main.c: In function 'main':
..\app\src\main.c:40:2: warning: implicit declaration of function 'BSP_LED_Init' [-Wimplicit-function-declaration]
  BSP_LED_Init();
  ^~~~~~~~~~~~
..\app\src\main.c:103:3: warning: implicit declaration of function 'BSP_LED_Toggle' [-Wimplicit-function-declaration]
   BSP_LED_Toggle();
   ^~~~~~~~~~~~~~
..\app\src\main.c:34:11: warning: unused variable 'tx_data' [-Wunused-variable]
  uint8_t  tx_data[2];
           ^~~~~~~
In file included from ..\app\src\main.c:8:0:
..\app\src\main.c: At top level:
C:\Users\cyril\Documents\GitHub\MPU6050_STM32\nucleo-32_F303\bsp\inc/mpu9250.h:26:16: warning: 'MPU9250_SPI_SendByte' declared 'static' but never defined [-Wunused-function]
 static uint8_t MPU9250_SPI_SendByte  (uint8_t byte);
                ^~~~~~~~~~~~~~~~~~~~
arm-atollic-eabi-gcc -c ..\app\src\stm32f3xx_it.c -mthumb -mcpu=cortex-m4 -mfloat-abi=hard -mfpu=fpv4-sp-d16 -std=gnu11 -DSTM32F303x8 -DUSE_HSI -IC:\Users\cyril\Documents\GitHub\MPU6050_STM32\nucleo-32_F303\app\inc -IC:\Users\cyril\Documents\GitHub\MPU6050_STM32\nucleo-32_F303\bsp\inc -IC:\Users\cyril\Documents\GitHub\MPU6050_STM32\nucleo-32_F303\cmsis\core -IC:\Users\cyril\Documents\GitHub\MPU6050_STM32\nucleo-32_F303\cmsis\device\inc -O0 -g -fstack-usage -Wall -specs=nano.specs -o app\src\stm32f3xx_it.o 
arm-atollic-eabi-gcc -c ..\bsp\src\bsp.c -mthumb -mcpu=cortex-m4 -mfloat-abi=hard -mfpu=fpv4-sp-d16 -std=gnu11 -DSTM32F303x8 -DUSE_HSI -IC:\Users\cyril\Documents\GitHub\MPU6050_STM32\nucleo-32_F303\app\inc -IC:\Users\cyril\Documents\GitHub\MPU6050_STM32\nucleo-32_F303\bsp\inc -IC:\Users\cyril\Documents\GitHub\MPU6050_STM32\nucleo-32_F303\cmsis\core -IC:\Users\cyril\Documents\GitHub\MPU6050_STM32\nucleo-32_F303\cmsis\device\inc -O0 -g -fstack-usage -Wall -specs=nano.specs -o bsp\src\bsp.o 
arm-atollic-eabi-gcc -c ..\bsp\src\delay.c -mthumb -mcpu=cortex-m4 -mfloat-abi=hard -mfpu=fpv4-sp-d16 -std=gnu11 -DSTM32F303x8 -DUSE_HSI -IC:\Users\cyril\Documents\GitHub\MPU6050_STM32\nucleo-32_F303\app\inc -IC:\Users\cyril\Documents\GitHub\MPU6050_STM32\nucleo-32_F303\bsp\inc -IC:\Users\cyril\Documents\GitHub\MPU6050_STM32\nucleo-32_F303\cmsis\core -IC:\Users\cyril\Documents\GitHub\MPU6050_STM32\nucleo-32_F303\cmsis\device\inc -O0 -g -fstack-usage -Wall -specs=nano.specs -o bsp\src\delay.o 
arm-atollic-eabi-gcc -c ..\cmsis\device\src\system_stm32f3xx.c -mthumb -mcpu=cortex-m4 -mfloat-abi=hard -mfpu=fpv4-sp-d16 -std=gnu11 -DSTM32F303x8 -DUSE_HSI -IC:\Users\cyril\Documents\GitHub\MPU6050_STM32\nucleo-32_F303\app\inc -IC:\Users\cyril\Documents\GitHub\MPU6050_STM32\nucleo-32_F303\bsp\inc -IC:\Users\cyril\Documents\GitHub\MPU6050_STM32\nucleo-32_F303\cmsis\core -IC:\Users\cyril\Documents\GitHub\MPU6050_STM32\nucleo-32_F303\cmsis\device\inc -O0 -g -fstack-usage -Wall -specs=nano.specs -o cmsis\device\src\system_stm32f3xx.o 
arm-atollic-eabi-gcc -c ..\app\src\MadgwickAHRS.c -mthumb -mcpu=cortex-m4 -mfloat-abi=hard -mfpu=fpv4-sp-d16 -std=gnu11 -DSTM32F303x8 -DUSE_HSI -IC:\Users\cyril\Documents\GitHub\MPU6050_STM32\nucleo-32_F303\app\inc -IC:\Users\cyril\Documents\GitHub\MPU6050_STM32\nucleo-32_F303\bsp\inc -IC:\Users\cyril\Documents\GitHub\MPU6050_STM32\nucleo-32_F303\cmsis\core -IC:\Users\cyril\Documents\GitHub\MPU6050_STM32\nucleo-32_F303\cmsis\device\inc -O0 -g -fstack-usage -Wall -specs=nano.specs -o app\src\MadgwickAHRS.o 
arm-atollic-eabi-gcc -c -mthumb -mcpu=cortex-m4 -mfloat-abi=hard -mfpu=fpv4-sp-d16 -g -Wa,--warn -x assembler-with-cpp -specs=nano.specs -o cmsis\device\src\startup_stm32f303x8.o ..\cmsis\device\src\startup_stm32f303x8.s 
arm-atollic-eabi-gcc -c ..\bsp\src\i2c.c -mthumb -mcpu=cortex-m4 -mfloat-abi=hard -mfpu=fpv4-sp-d16 -std=gnu11 -DSTM32F303x8 -DUSE_HSI -IC:\Users\cyril\Documents\GitHub\MPU6050_STM32\nucleo-32_F303\app\inc -IC:\Users\cyril\Documents\GitHub\MPU6050_STM32\nucleo-32_F303\bsp\inc -IC:\Users\cyril\Documents\GitHub\MPU6050_STM32\nucleo-32_F303\cmsis\core -IC:\Users\cyril\Documents\GitHub\MPU6050_STM32\nucleo-32_F303\cmsis\device\inc -O0 -g -fstack-usage -Wall -specs=nano.specs -o bsp\src\i2c.o 
arm-atollic-eabi-gcc -o nucleo-32_F303.elf app\src\MadgwickAHRS.o app\src\main.o app\src\printf-stdarg.o app\src\stm32f3xx_it.o bsp\src\bsp.o bsp\src\delay.o bsp\src\i2c.o bsp\src\mpu6050.o cmsis\device\src\startup_stm32f303x8.o cmsis\device\src\system_stm32f3xx.o -mthumb -mcpu=cortex-m4 -mfloat-abi=hard -mfpu=fpv4-sp-d16 -TC:\Users\cyril\Documents\GitHub\MPU6050_STM32\nucleo-32_F303\STM32F303K8Tx_FLASH.ld -specs=nosys.specs -static -Wl,-cref,-u,Reset_Handler -Wl,-Map=nucleo-32_F303.map -Wl,--defsym=malloc_getpagesize_P=0x80 -Wl,--start-group -lc -lm -Wl,--end-group -specs=nano.specs 
C:\Program Files (x86)\Atollic\TrueSTUDIO for STM32 9.3.0\ide\jre\bin\java -jar C:\Program Files (x86)\Atollic\TrueSTUDIO for STM32 9.3.0\Tools\arm-atollic-reports.jar sizeinfo list nucleo-32_F303.elf 
Generate build reports...
Print size information
   text	   data	    bss	    dec	    hex	filename
  15552	    128	   1656	  17336	   43b8	nucleo-32_F303.elf
Print size information done
Generate listing file
Output sent to: nucleo-32_F303.list
Generate listing file done
Generate build reports done
Info: Nothing to build for nucleo-32_F303
08:00:11 **** Rebuild of configuration Debug for project nucleo-32_F303 ****
Info: Internal Builder is used for build
arm-atollic-eabi-gcc -c ..\bsp\src\bsp.c -mthumb -mcpu=cortex-m4 -mfloat-abi=hard -mfpu=fpv4-sp-d16 -std=gnu11 -DSTM32F303x8 -DUSE_HSI -IC:\Users\cyril\Documents\GitHub\MPU6050_STM32\nucleo-32_F303\app\inc -IC:\Users\cyril\Documents\GitHub\MPU6050_STM32\nucleo-32_F303\bsp\inc -IC:\Users\cyril\Documents\GitHub\MPU6050_STM32\nucleo-32_F303\cmsis\core -IC:\Users\cyril\Documents\GitHub\MPU6050_STM32\nucleo-32_F303\cmsis\device\inc -O0 -g -fstack-usage -Wall -specs=nano.specs -o bsp\src\bsp.o 
arm-atollic-eabi-gcc -c ..\bsp\src\mpu6050.c -mthumb -mcpu=cortex-m4 -mfloat-abi=hard -mfpu=fpv4-sp-d16 -std=gnu11 -DSTM32F303x8 -DUSE_HSI -IC:\Users\cyril\Documents\GitHub\MPU6050_STM32\nucleo-32_F303\app\inc -IC:\Users\cyril\Documents\GitHub\MPU6050_STM32\nucleo-32_F303\bsp\inc -IC:\Users\cyril\Documents\GitHub\MPU6050_STM32\nucleo-32_F303\cmsis\core -IC:\Users\cyril\Documents\GitHub\MPU6050_STM32\nucleo-32_F303\cmsis\device\inc -O0 -g -fstack-usage -Wall -specs=nano.specs -o bsp\src\mpu6050.o 
In file included from ..\bsp\src\mpu6050.c:8:0:
C:\Users\cyril\Documents\GitHub\MPU6050_STM32\nucleo-32_F303\bsp\inc/mpu9250.h:26:16: warning: 'MPU9250_SPI_SendByte' declared 'static' but never defined [-Wunused-function]
 static uint8_t MPU9250_SPI_SendByte  (uint8_t byte);
                ^~~~~~~~~~~~~~~~~~~~
arm-atollic-eabi-gcc -c ..\app\src\printf-stdarg.c -mthumb -mcpu=cortex-m4 -mfloat-abi=hard -mfpu=fpv4-sp-d16 -std=gnu11 -DSTM32F303x8 -DUSE_HSI -IC:\Users\cyril\Documents\GitHub\MPU6050_STM32\nucleo-32_F303\app\inc -IC:\Users\cyril\Documents\GitHub\MPU6050_STM32\nucleo-32_F303\bsp\inc -IC:\Users\cyril\Documents\GitHub\MPU6050_STM32\nucleo-32_F303\cmsis\core -IC:\Users\cyril\Documents\GitHub\MPU6050_STM32\nucleo-32_F303\cmsis\device\inc -O0 -g -fstack-usage -Wall -specs=nano.specs -o app\src\printf-stdarg.o 
arm-atollic-eabi-gcc -c -mthumb -mcpu=cortex-m4 -mfloat-abi=hard -mfpu=fpv4-sp-d16 -g -Wa,--warn -x assembler-with-cpp -specs=nano.specs -o cmsis\device\src\startup_stm32f303x8.o ..\cmsis\device\src\startup_stm32f303x8.s 
arm-atollic-eabi-gcc -c ..\app\src\main.c -mthumb -mcpu=cortex-m4 -mfloat-abi=hard -mfpu=fpv4-sp-d16 -std=gnu11 -DSTM32F303x8 -DUSE_HSI -IC:\Users\cyril\Documents\GitHub\MPU6050_STM32\nucleo-32_F303\app\inc -IC:\Users\cyril\Documents\GitHub\MPU6050_STM32\nucleo-32_F303\bsp\inc -IC:\Users\cyril\Documents\GitHub\MPU6050_STM32\nucleo-32_F303\cmsis\core -IC:\Users\cyril\Documents\GitHub\MPU6050_STM32\nucleo-32_F303\cmsis\device\inc -O0 -g -fstack-usage -Wall -specs=nano.specs -o app\src\main.o 
..\app\src\main.c: In function 'main':
..\app\src\main.c:40:2: warning: implicit declaration of function 'BSP_LED_Init' [-Wimplicit-function-declaration]
  BSP_LED_Init();
  ^~~~~~~~~~~~
..\app\src\main.c:103:3: warning: implicit declaration of function 'BSP_LED_Toggle' [-Wimplicit-function-declaration]
   BSP_LED_Toggle();
   ^~~~~~~~~~~~~~
..\app\src\main.c:34:11: warning: unused variable 'tx_data' [-Wunused-variable]
  uint8_t  tx_data[2];
           ^~~~~~~
In file included from ..\app\src\main.c:8:0:
..\app\src\main.c: At top level:
C:\Users\cyril\Documents\GitHub\MPU6050_STM32\nucleo-32_F303\bsp\inc/mpu9250.h:26:16: warning: 'MPU9250_SPI_SendByte' declared 'static' but never defined [-Wunused-function]
 static uint8_t MPU9250_SPI_SendByte  (uint8_t byte);
                ^~~~~~~~~~~~~~~~~~~~
arm-atollic-eabi-gcc -c ..\bsp\src\i2c.c -mthumb -mcpu=cortex-m4 -mfloat-abi=hard -mfpu=fpv4-sp-d16 -std=gnu11 -DSTM32F303x8 -DUSE_HSI -IC:\Users\cyril\Documents\GitHub\MPU6050_STM32\nucleo-32_F303\app\inc -IC:\Users\cyril\Documents\GitHub\MPU6050_STM32\nucleo-32_F303\bsp\inc -IC:\Users\cyril\Documents\GitHub\MPU6050_STM32\nucleo-32_F303\cmsis\core -IC:\Users\cyril\Documents\GitHub\MPU6050_STM32\nucleo-32_F303\cmsis\device\inc -O0 -g -fstack-usage -Wall -specs=nano.specs -o bsp\src\i2c.o 
arm-atollic-eabi-gcc -c ..\cmsis\device\src\system_stm32f3xx.c -mthumb -mcpu=cortex-m4 -mfloat-abi=hard -mfpu=fpv4-sp-d16 -std=gnu11 -DSTM32F303x8 -DUSE_HSI -IC:\Users\cyril\Documents\GitHub\MPU6050_STM32\nucleo-32_F303\app\inc -IC:\Users\cyril\Documents\GitHub\MPU6050_STM32\nucleo-32_F303\bsp\inc -IC:\Users\cyril\Documents\GitHub\MPU6050_STM32\nucleo-32_F303\cmsis\core -IC:\Users\cyril\Documents\GitHub\MPU6050_STM32\nucleo-32_F303\cmsis\device\inc -O0 -g -fstack-usage -Wall -specs=nano.specs -o cmsis\device\src\system_stm32f3xx.o 
arm-atollic-eabi-gcc -c ..\app\src\MadgwickAHRS.c -mthumb -mcpu=cortex-m4 -mfloat-abi=hard -mfpu=fpv4-sp-d16 -std=gnu11 -DSTM32F303x8 -DUSE_HSI -IC:\Users\cyril\Documents\GitHub\MPU6050_STM32\nucleo-32_F303\app\inc -IC:\Users\cyril\Documents\GitHub\MPU6050_STM32\nucleo-32_F303\bsp\inc -IC:\Users\cyril\Documents\GitHub\MPU6050_STM32\nucleo-32_F303\cmsis\core -IC:\Users\cyril\Documents\GitHub\MPU6050_STM32\nucleo-32_F303\cmsis\device\inc -O0 -g -fstack-usage -Wall -specs=nano.specs -o app\src\MadgwickAHRS.o 
arm-atollic-eabi-gcc -c ..\app\src\stm32f3xx_it.c -mthumb -mcpu=cortex-m4 -mfloat-abi=hard -mfpu=fpv4-sp-d16 -std=gnu11 -DSTM32F303x8 -DUSE_HSI -IC:\Users\cyril\Documents\GitHub\MPU6050_STM32\nucleo-32_F303\app\inc -IC:\Users\cyril\Documents\GitHub\MPU6050_STM32\nucleo-32_F303\bsp\inc -IC:\Users\cyril\Documents\GitHub\MPU6050_STM32\nucleo-32_F303\cmsis\core -IC:\Users\cyril\Documents\GitHub\MPU6050_STM32\nucleo-32_F303\cmsis\device\inc -O0 -g -fstack-usage -Wall -specs=nano.specs -o app\src\stm32f3xx_it.o 
arm-atollic-eabi-gcc -c ..\bsp\src\delay.c -mthumb -mcpu=cortex-m4 -mfloat-abi=hard -mfpu=fpv4-sp-d16 -std=gnu11 -DSTM32F303x8 -DUSE_HSI -IC:\Users\cyril\Documents\GitHub\MPU6050_STM32\nucleo-32_F303\app\inc -IC:\Users\cyril\Documents\GitHub\MPU6050_STM32\nucleo-32_F303\bsp\inc -IC:\Users\cyril\Documents\GitHub\MPU6050_STM32\nucleo-32_F303\cmsis\core -IC:\Users\cyril\Documents\GitHub\MPU6050_STM32\nucleo-32_F303\cmsis\device\inc -O0 -g -fstack-usage -Wall -specs=nano.specs -o bsp\src\delay.o 
arm-atollic-eabi-gcc -o nucleo-32_F303.elf app\src\MadgwickAHRS.o app\src\main.o app\src\printf-stdarg.o app\src\stm32f3xx_it.o bsp\src\bsp.o bsp\src\delay.o bsp\src\i2c.o bsp\src\mpu6050.o cmsis\device\src\startup_stm32f303x8.o cmsis\device\src\system_stm32f3xx.o -mthumb -mcpu=cortex-m4 -mfloat-abi=hard -mfpu=fpv4-sp-d16 -TC:\Users\cyril\Documents\GitHub\MPU6050_STM32\nucleo-32_F303\STM32F303K8Tx_FLASH.ld -specs=nosys.specs -static -Wl,-cref,-u,Reset_Handler -Wl,-Map=nucleo-32_F303.map -Wl,--defsym=malloc_getpagesize_P=0x80 -Wl,--start-group -lc -lm -Wl,--end-group -specs=nano.specs 
C:\Program Files (x86)\Atollic\TrueSTUDIO for STM32 9.3.0\ide\jre\bin\java -jar C:\Program Files (x86)\Atollic\TrueSTUDIO for STM32 9.3.0\Tools\arm-atollic-reports.jar sizeinfo list nucleo-32_F303.elf 
Generate build reports...
Print size information
   text	   data	    bss	    dec	    hex	filename
  15552	    128	   1656	  17336	   43b8	nucleo-32_F303.elf
Print size information done
Generate listing file
Output sent to: nucleo-32_F303.list
Generate listing file done
Generate build reports done
Info: Nothing to build for nucleo-32_F303
12:36:32 **** Rebuild of configuration Debug for project nucleo-32_F303 ****
Info: Internal Builder is used for build
arm-atollic-eabi-gcc -c ..\bsp\src\bsp.c -mthumb -mcpu=cortex-m4 -mfloat-abi=hard -mfpu=fpv4-sp-d16 -std=gnu11 -DSTM32F303x8 -DUSE_HSI -IC:\Users\cyril\Documents\GitHub\MPU6050_STM32\nucleo-32_F303\app\inc -IC:\Users\cyril\Documents\GitHub\MPU6050_STM32\nucleo-32_F303\bsp\inc -IC:\Users\cyril\Documents\GitHub\MPU6050_STM32\nucleo-32_F303\cmsis\core -IC:\Users\cyril\Documents\GitHub\MPU6050_STM32\nucleo-32_F303\cmsis\device\inc -O0 -g -fstack-usage -Wall -specs=nano.specs -o bsp\src\bsp.o 
arm-atollic-eabi-gcc -c -mthumb -mcpu=cortex-m4 -mfloat-abi=hard -mfpu=fpv4-sp-d16 -g -Wa,--warn -x assembler-with-cpp -specs=nano.specs -o cmsis\device\src\startup_stm32f303x8.o ..\cmsis\device\src\startup_stm32f303x8.s 
arm-atollic-eabi-gcc -c ..\app\src\printf-stdarg.c -mthumb -mcpu=cortex-m4 -mfloat-abi=hard -mfpu=fpv4-sp-d16 -std=gnu11 -DSTM32F303x8 -DUSE_HSI -IC:\Users\cyril\Documents\GitHub\MPU6050_STM32\nucleo-32_F303\app\inc -IC:\Users\cyril\Documents\GitHub\MPU6050_STM32\nucleo-32_F303\bsp\inc -IC:\Users\cyril\Documents\GitHub\MPU6050_STM32\nucleo-32_F303\cmsis\core -IC:\Users\cyril\Documents\GitHub\MPU6050_STM32\nucleo-32_F303\cmsis\device\inc -O0 -g -fstack-usage -Wall -specs=nano.specs -o app\src\printf-stdarg.o 
arm-atollic-eabi-gcc -c ..\bsp\src\delay.c -mthumb -mcpu=cortex-m4 -mfloat-abi=hard -mfpu=fpv4-sp-d16 -std=gnu11 -DSTM32F303x8 -DUSE_HSI -IC:\Users\cyril\Documents\GitHub\MPU6050_STM32\nucleo-32_F303\app\inc -IC:\Users\cyril\Documents\GitHub\MPU6050_STM32\nucleo-32_F303\bsp\inc -IC:\Users\cyril\Documents\GitHub\MPU6050_STM32\nucleo-32_F303\cmsis\core -IC:\Users\cyril\Documents\GitHub\MPU6050_STM32\nucleo-32_F303\cmsis\device\inc -O0 -g -fstack-usage -Wall -specs=nano.specs -o bsp\src\delay.o 
arm-atollic-eabi-gcc -c ..\app\src\main.c -mthumb -mcpu=cortex-m4 -mfloat-abi=hard -mfpu=fpv4-sp-d16 -std=gnu11 -DSTM32F303x8 -DUSE_HSI -IC:\Users\cyril\Documents\GitHub\MPU6050_STM32\nucleo-32_F303\app\inc -IC:\Users\cyril\Documents\GitHub\MPU6050_STM32\nucleo-32_F303\bsp\inc -IC:\Users\cyril\Documents\GitHub\MPU6050_STM32\nucleo-32_F303\cmsis\core -IC:\Users\cyril\Documents\GitHub\MPU6050_STM32\nucleo-32_F303\cmsis\device\inc -O0 -g -fstack-usage -Wall -specs=nano.specs -o app\src\main.o 
..\app\src\main.c: In function 'main':
..\app\src\main.c:40:2: warning: implicit declaration of function 'BSP_LED_Init' [-Wimplicit-function-declaration]
  BSP_LED_Init();
  ^~~~~~~~~~~~
..\app\src\main.c:103:3: warning: implicit declaration of function 'BSP_LED_Toggle' [-Wimplicit-function-declaration]
   BSP_LED_Toggle();
   ^~~~~~~~~~~~~~
..\app\src\main.c:34:11: warning: unused variable 'tx_data' [-Wunused-variable]
  uint8_t  tx_data[2];
           ^~~~~~~
In file included from ..\app\src\main.c:8:0:
..\app\src\main.c: At top level:
C:\Users\cyril\Documents\GitHub\MPU6050_STM32\nucleo-32_F303\bsp\inc/mpu9250.h:26:16: warning: 'MPU9250_SPI_SendByte' declared 'static' but never defined [-Wunused-function]
 static uint8_t MPU9250_SPI_SendByte  (uint8_t byte);
                ^~~~~~~~~~~~~~~~~~~~
arm-atollic-eabi-gcc -c ..\app\src\stm32f3xx_it.c -mthumb -mcpu=cortex-m4 -mfloat-abi=hard -mfpu=fpv4-sp-d16 -std=gnu11 -DSTM32F303x8 -DUSE_HSI -IC:\Users\cyril\Documents\GitHub\MPU6050_STM32\nucleo-32_F303\app\inc -IC:\Users\cyril\Documents\GitHub\MPU6050_STM32\nucleo-32_F303\bsp\inc -IC:\Users\cyril\Documents\GitHub\MPU6050_STM32\nucleo-32_F303\cmsis\core -IC:\Users\cyril\Documents\GitHub\MPU6050_STM32\nucleo-32_F303\cmsis\device\inc -O0 -g -fstack-usage -Wall -specs=nano.specs -o app\src\stm32f3xx_it.o 
arm-atollic-eabi-gcc -c ..\app\src\MadgwickAHRS.c -mthumb -mcpu=cortex-m4 -mfloat-abi=hard -mfpu=fpv4-sp-d16 -std=gnu11 -DSTM32F303x8 -DUSE_HSI -IC:\Users\cyril\Documents\GitHub\MPU6050_STM32\nucleo-32_F303\app\inc -IC:\Users\cyril\Documents\GitHub\MPU6050_STM32\nucleo-32_F303\bsp\inc -IC:\Users\cyril\Documents\GitHub\MPU6050_STM32\nucleo-32_F303\cmsis\core -IC:\Users\cyril\Documents\GitHub\MPU6050_STM32\nucleo-32_F303\cmsis\device\inc -O0 -g -fstack-usage -Wall -specs=nano.specs -o app\src\MadgwickAHRS.o 
arm-atollic-eabi-gcc -c ..\bsp\src\i2c.c -mthumb -mcpu=cortex-m4 -mfloat-abi=hard -mfpu=fpv4-sp-d16 -std=gnu11 -DSTM32F303x8 -DUSE_HSI -IC:\Users\cyril\Documents\GitHub\MPU6050_STM32\nucleo-32_F303\app\inc -IC:\Users\cyril\Documents\GitHub\MPU6050_STM32\nucleo-32_F303\bsp\inc -IC:\Users\cyril\Documents\GitHub\MPU6050_STM32\nucleo-32_F303\cmsis\core -IC:\Users\cyril\Documents\GitHub\MPU6050_STM32\nucleo-32_F303\cmsis\device\inc -O0 -g -fstack-usage -Wall -specs=nano.specs -o bsp\src\i2c.o 
arm-atollic-eabi-gcc -c ..\bsp\src\mpu6050.c -mthumb -mcpu=cortex-m4 -mfloat-abi=hard -mfpu=fpv4-sp-d16 -std=gnu11 -DSTM32F303x8 -DUSE_HSI -IC:\Users\cyril\Documents\GitHub\MPU6050_STM32\nucleo-32_F303\app\inc -IC:\Users\cyril\Documents\GitHub\MPU6050_STM32\nucleo-32_F303\bsp\inc -IC:\Users\cyril\Documents\GitHub\MPU6050_STM32\nucleo-32_F303\cmsis\core -IC:\Users\cyril\Documents\GitHub\MPU6050_STM32\nucleo-32_F303\cmsis\device\inc -O0 -g -fstack-usage -Wall -specs=nano.specs -o bsp\src\mpu6050.o 
In file included from ..\bsp\src\mpu6050.c:8:0:
C:\Users\cyril\Documents\GitHub\MPU6050_STM32\nucleo-32_F303\bsp\inc/mpu9250.h:26:16: warning: 'MPU9250_SPI_SendByte' declared 'static' but never defined [-Wunused-function]
 static uint8_t MPU9250_SPI_SendByte  (uint8_t byte);
                ^~~~~~~~~~~~~~~~~~~~
arm-atollic-eabi-gcc -c ..\cmsis\device\src\system_stm32f3xx.c -mthumb -mcpu=cortex-m4 -mfloat-abi=hard -mfpu=fpv4-sp-d16 -std=gnu11 -DSTM32F303x8 -DUSE_HSI -IC:\Users\cyril\Documents\GitHub\MPU6050_STM32\nucleo-32_F303\app\inc -IC:\Users\cyril\Documents\GitHub\MPU6050_STM32\nucleo-32_F303\bsp\inc -IC:\Users\cyril\Documents\GitHub\MPU6050_STM32\nucleo-32_F303\cmsis\core -IC:\Users\cyril\Documents\GitHub\MPU6050_STM32\nucleo-32_F303\cmsis\device\inc -O0 -g -fstack-usage -Wall -specs=nano.specs -o cmsis\device\src\system_stm32f3xx.o 
arm-atollic-eabi-gcc -o nucleo-32_F303.elf app\src\MadgwickAHRS.o app\src\main.o app\src\printf-stdarg.o app\src\stm32f3xx_it.o bsp\src\bsp.o bsp\src\delay.o bsp\src\i2c.o bsp\src\mpu6050.o cmsis\device\src\startup_stm32f303x8.o cmsis\device\src\system_stm32f3xx.o -mthumb -mcpu=cortex-m4 -mfloat-abi=hard -mfpu=fpv4-sp-d16 -TC:\Users\cyril\Documents\GitHub\MPU6050_STM32\nucleo-32_F303\STM32F303K8Tx_FLASH.ld -specs=nosys.specs -static -Wl,-cref,-u,Reset_Handler -Wl,-Map=nucleo-32_F303.map -Wl,--defsym=malloc_getpagesize_P=0x80 -Wl,--start-group -lc -lm -Wl,--end-group -specs=nano.specs 
C:\Program Files (x86)\Atollic\TrueSTUDIO for STM32 9.3.0\ide\jre\bin\java -jar C:\Program Files (x86)\Atollic\TrueSTUDIO for STM32 9.3.0\Tools\arm-atollic-reports.jar sizeinfo list nucleo-32_F303.elf 
Generate build reports...
Print size information
   text	   data	    bss	    dec	    hex	filename
  15552	    128	   1656	  17336	   43b8	nucleo-32_F303.elf
Print size information done
Generate listing file
Output sent to: nucleo-32_F303.list
Generate listing file done
Generate build reports done
12:37:16 **** Rebuild of configuration Debug for project nucleo-32_F303 ****
Info: Internal Builder is used for build
arm-atollic-eabi-gcc -c ..\cmsis\device\src\system_stm32f3xx.c -mthumb -mcpu=cortex-m4 -mfloat-abi=hard -mfpu=fpv4-sp-d16 -std=gnu11 -DSTM32F303x8 -DUSE_HSI -IC:\Users\cyril\Documents\GitHub\MPU6050_STM32\nucleo-32_F303\app\inc -IC:\Users\cyril\Documents\GitHub\MPU6050_STM32\nucleo-32_F303\bsp\inc -IC:\Users\cyril\Documents\GitHub\MPU6050_STM32\nucleo-32_F303\cmsis\core -IC:\Users\cyril\Documents\GitHub\MPU6050_STM32\nucleo-32_F303\cmsis\device\inc -O0 -g -fstack-usage -Wall -specs=nano.specs -o cmsis\device\src\system_stm32f3xx.o 
arm-atollic-eabi-gcc -c -mthumb -mcpu=cortex-m4 -mfloat-abi=hard -mfpu=fpv4-sp-d16 -g -Wa,--warn -x assembler-with-cpp -specs=nano.specs -o cmsis\device\src\startup_stm32f303x8.o ..\cmsis\device\src\startup_stm32f303x8.s 
arm-atollic-eabi-gcc -c ..\bsp\src\bsp.c -mthumb -mcpu=cortex-m4 -mfloat-abi=hard -mfpu=fpv4-sp-d16 -std=gnu11 -DSTM32F303x8 -DUSE_HSI -IC:\Users\cyril\Documents\GitHub\MPU6050_STM32\nucleo-32_F303\app\inc -IC:\Users\cyril\Documents\GitHub\MPU6050_STM32\nucleo-32_F303\bsp\inc -IC:\Users\cyril\Documents\GitHub\MPU6050_STM32\nucleo-32_F303\cmsis\core -IC:\Users\cyril\Documents\GitHub\MPU6050_STM32\nucleo-32_F303\cmsis\device\inc -O0 -g -fstack-usage -Wall -specs=nano.specs -o bsp\src\bsp.o 
arm-atollic-eabi-gcc -c ..\bsp\src\i2c.c -mthumb -mcpu=cortex-m4 -mfloat-abi=hard -mfpu=fpv4-sp-d16 -std=gnu11 -DSTM32F303x8 -DUSE_HSI -IC:\Users\cyril\Documents\GitHub\MPU6050_STM32\nucleo-32_F303\app\inc -IC:\Users\cyril\Documents\GitHub\MPU6050_STM32\nucleo-32_F303\bsp\inc -IC:\Users\cyril\Documents\GitHub\MPU6050_STM32\nucleo-32_F303\cmsis\core -IC:\Users\cyril\Documents\GitHub\MPU6050_STM32\nucleo-32_F303\cmsis\device\inc -O0 -g -fstack-usage -Wall -specs=nano.specs -o bsp\src\i2c.o 
arm-atollic-eabi-gcc -c ..\bsp\src\delay.c -mthumb -mcpu=cortex-m4 -mfloat-abi=hard -mfpu=fpv4-sp-d16 -std=gnu11 -DSTM32F303x8 -DUSE_HSI -IC:\Users\cyril\Documents\GitHub\MPU6050_STM32\nucleo-32_F303\app\inc -IC:\Users\cyril\Documents\GitHub\MPU6050_STM32\nucleo-32_F303\bsp\inc -IC:\Users\cyril\Documents\GitHub\MPU6050_STM32\nucleo-32_F303\cmsis\core -IC:\Users\cyril\Documents\GitHub\MPU6050_STM32\nucleo-32_F303\cmsis\device\inc -O0 -g -fstack-usage -Wall -specs=nano.specs -o bsp\src\delay.o 
arm-atollic-eabi-gcc -c ..\app\src\stm32f3xx_it.c -mthumb -mcpu=cortex-m4 -mfloat-abi=hard -mfpu=fpv4-sp-d16 -std=gnu11 -DSTM32F303x8 -DUSE_HSI -IC:\Users\cyril\Documents\GitHub\MPU6050_STM32\nucleo-32_F303\app\inc -IC:\Users\cyril\Documents\GitHub\MPU6050_STM32\nucleo-32_F303\bsp\inc -IC:\Users\cyril\Documents\GitHub\MPU6050_STM32\nucleo-32_F303\cmsis\core -IC:\Users\cyril\Documents\GitHub\MPU6050_STM32\nucleo-32_F303\cmsis\device\inc -O0 -g -fstack-usage -Wall -specs=nano.specs -o app\src\stm32f3xx_it.o 
arm-atollic-eabi-gcc -c ..\bsp\src\mpu6050.c -mthumb -mcpu=cortex-m4 -mfloat-abi=hard -mfpu=fpv4-sp-d16 -std=gnu11 -DSTM32F303x8 -DUSE_HSI -IC:\Users\cyril\Documents\GitHub\MPU6050_STM32\nucleo-32_F303\app\inc -IC:\Users\cyril\Documents\GitHub\MPU6050_STM32\nucleo-32_F303\bsp\inc -IC:\Users\cyril\Documents\GitHub\MPU6050_STM32\nucleo-32_F303\cmsis\core -IC:\Users\cyril\Documents\GitHub\MPU6050_STM32\nucleo-32_F303\cmsis\device\inc -O0 -g -fstack-usage -Wall -specs=nano.specs -o bsp\src\mpu6050.o 
In file included from ..\bsp\src\mpu6050.c:8:0:
C:\Users\cyril\Documents\GitHub\MPU6050_STM32\nucleo-32_F303\bsp\inc/mpu9250.h:26:16: warning: 'MPU9250_SPI_SendByte' declared 'static' but never defined [-Wunused-function]
 static uint8_t MPU9250_SPI_SendByte  (uint8_t byte);
                ^~~~~~~~~~~~~~~~~~~~
arm-atollic-eabi-gcc -c ..\app\src\MadgwickAHRS.c -mthumb -mcpu=cortex-m4 -mfloat-abi=hard -mfpu=fpv4-sp-d16 -std=gnu11 -DSTM32F303x8 -DUSE_HSI -IC:\Users\cyril\Documents\GitHub\MPU6050_STM32\nucleo-32_F303\app\inc -IC:\Users\cyril\Documents\GitHub\MPU6050_STM32\nucleo-32_F303\bsp\inc -IC:\Users\cyril\Documents\GitHub\MPU6050_STM32\nucleo-32_F303\cmsis\core -IC:\Users\cyril\Documents\GitHub\MPU6050_STM32\nucleo-32_F303\cmsis\device\inc -O0 -g -fstack-usage -Wall -specs=nano.specs -o app\src\MadgwickAHRS.o 
arm-atollic-eabi-gcc -c ..\app\src\main.c -mthumb -mcpu=cortex-m4 -mfloat-abi=hard -mfpu=fpv4-sp-d16 -std=gnu11 -DSTM32F303x8 -DUSE_HSI -IC:\Users\cyril\Documents\GitHub\MPU6050_STM32\nucleo-32_F303\app\inc -IC:\Users\cyril\Documents\GitHub\MPU6050_STM32\nucleo-32_F303\bsp\inc -IC:\Users\cyril\Documents\GitHub\MPU6050_STM32\nucleo-32_F303\cmsis\core -IC:\Users\cyril\Documents\GitHub\MPU6050_STM32\nucleo-32_F303\cmsis\device\inc -O0 -g -fstack-usage -Wall -specs=nano.specs -o app\src\main.o 
..\app\src\main.c: In function 'main':
..\app\src\main.c:40:2: warning: implicit declaration of function 'BSP_LED_Init' [-Wimplicit-function-declaration]
  BSP_LED_Init();
  ^~~~~~~~~~~~
..\app\src\main.c:103:3: warning: implicit declaration of function 'BSP_LED_Toggle' [-Wimplicit-function-declaration]
   BSP_LED_Toggle();
   ^~~~~~~~~~~~~~
..\app\src\main.c:34:11: warning: unused variable 'tx_data' [-Wunused-variable]
  uint8_t  tx_data[2];
           ^~~~~~~
In file included from ..\app\src\main.c:8:0:
..\app\src\main.c: At top level:
C:\Users\cyril\Documents\GitHub\MPU6050_STM32\nucleo-32_F303\bsp\inc/mpu9250.h:26:16: warning: 'MPU9250_SPI_SendByte' declared 'static' but never defined [-Wunused-function]
 static uint8_t MPU9250_SPI_SendByte  (uint8_t byte);
                ^~~~~~~~~~~~~~~~~~~~
arm-atollic-eabi-gcc -c ..\app\src\printf-stdarg.c -mthumb -mcpu=cortex-m4 -mfloat-abi=hard -mfpu=fpv4-sp-d16 -std=gnu11 -DSTM32F303x8 -DUSE_HSI -IC:\Users\cyril\Documents\GitHub\MPU6050_STM32\nucleo-32_F303\app\inc -IC:\Users\cyril\Documents\GitHub\MPU6050_STM32\nucleo-32_F303\bsp\inc -IC:\Users\cyril\Documents\GitHub\MPU6050_STM32\nucleo-32_F303\cmsis\core -IC:\Users\cyril\Documents\GitHub\MPU6050_STM32\nucleo-32_F303\cmsis\device\inc -O0 -g -fstack-usage -Wall -specs=nano.specs -o app\src\printf-stdarg.o 
arm-atollic-eabi-gcc -o nucleo-32_F303.elf app\src\MadgwickAHRS.o app\src\main.o app\src\printf-stdarg.o app\src\stm32f3xx_it.o bsp\src\bsp.o bsp\src\delay.o bsp\src\i2c.o bsp\src\mpu6050.o cmsis\device\src\startup_stm32f303x8.o cmsis\device\src\system_stm32f3xx.o -mthumb -mcpu=cortex-m4 -mfloat-abi=hard -mfpu=fpv4-sp-d16 -TC:\Users\cyril\Documents\GitHub\MPU6050_STM32\nucleo-32_F303\STM32F303K8Tx_FLASH.ld -specs=nosys.specs -static -Wl,-cref,-u,Reset_Handler -Wl,-Map=nucleo-32_F303.map -Wl,--defsym=malloc_getpagesize_P=0x80 -Wl,--start-group -lc -lm -Wl,--end-group -specs=nano.specs 
C:\Program Files (x86)\Atollic\TrueSTUDIO for STM32 9.3.0\ide\jre\bin\java -jar C:\Program Files (x86)\Atollic\TrueSTUDIO for STM32 9.3.0\Tools\arm-atollic-reports.jar sizeinfo list nucleo-32_F303.elf 
Generate build reports...
Print size information
   text	   data	    bss	    dec	    hex	filename
  15552	    128	   1656	  17336	   43b8	nucleo-32_F303.elf
Print size information done
Generate listing file
Output sent to: nucleo-32_F303.list
Generate listing file done
Generate build reports done
Info: Nothing to build for nucleo-32_F303
12:38:38 **** Rebuild of configuration Debug for project nucleo-32_F303 ****
Info: Internal Builder is used for build
arm-atollic-eabi-gcc -c ..\app\src\printf-stdarg.c -mthumb -mcpu=cortex-m4 -mfloat-abi=hard -mfpu=fpv4-sp-d16 -std=gnu11 -DSTM32F303x8 -DUSE_HSI -IC:\Users\cyril\Documents\GitHub\MPU6050_STM32\nucleo-32_F303\app\inc -IC:\Users\cyril\Documents\GitHub\MPU6050_STM32\nucleo-32_F303\bsp\inc -IC:\Users\cyril\Documents\GitHub\MPU6050_STM32\nucleo-32_F303\cmsis\core -IC:\Users\cyril\Documents\GitHub\MPU6050_STM32\nucleo-32_F303\cmsis\device\inc -O0 -g -fstack-usage -Wall -specs=nano.specs -o app\src\printf-stdarg.o 
arm-atollic-eabi-gcc -c ..\bsp\src\delay.c -mthumb -mcpu=cortex-m4 -mfloat-abi=hard -mfpu=fpv4-sp-d16 -std=gnu11 -DSTM32F303x8 -DUSE_HSI -IC:\Users\cyril\Documents\GitHub\MPU6050_STM32\nucleo-32_F303\app\inc -IC:\Users\cyril\Documents\GitHub\MPU6050_STM32\nucleo-32_F303\bsp\inc -IC:\Users\cyril\Documents\GitHub\MPU6050_STM32\nucleo-32_F303\cmsis\core -IC:\Users\cyril\Documents\GitHub\MPU6050_STM32\nucleo-32_F303\cmsis\device\inc -O0 -g -fstack-usage -Wall -specs=nano.specs -o bsp\src\delay.o 
arm-atollic-eabi-gcc -c ..\app\src\MadgwickAHRS.c -mthumb -mcpu=cortex-m4 -mfloat-abi=hard -mfpu=fpv4-sp-d16 -std=gnu11 -DSTM32F303x8 -DUSE_HSI -IC:\Users\cyril\Documents\GitHub\MPU6050_STM32\nucleo-32_F303\app\inc -IC:\Users\cyril\Documents\GitHub\MPU6050_STM32\nucleo-32_F303\bsp\inc -IC:\Users\cyril\Documents\GitHub\MPU6050_STM32\nucleo-32_F303\cmsis\core -IC:\Users\cyril\Documents\GitHub\MPU6050_STM32\nucleo-32_F303\cmsis\device\inc -O0 -g -fstack-usage -Wall -specs=nano.specs -o app\src\MadgwickAHRS.o 
arm-atollic-eabi-gcc -c ..\app\src\main.c -mthumb -mcpu=cortex-m4 -mfloat-abi=hard -mfpu=fpv4-sp-d16 -std=gnu11 -DSTM32F303x8 -DUSE_HSI -IC:\Users\cyril\Documents\GitHub\MPU6050_STM32\nucleo-32_F303\app\inc -IC:\Users\cyril\Documents\GitHub\MPU6050_STM32\nucleo-32_F303\bsp\inc -IC:\Users\cyril\Documents\GitHub\MPU6050_STM32\nucleo-32_F303\cmsis\core -IC:\Users\cyril\Documents\GitHub\MPU6050_STM32\nucleo-32_F303\cmsis\device\inc -O0 -g -fstack-usage -Wall -specs=nano.specs -o app\src\main.o 
..\app\src\main.c: In function 'main':
..\app\src\main.c:40:2: warning: implicit declaration of function 'BSP_LED_Init' [-Wimplicit-function-declaration]
  BSP_LED_Init();
  ^~~~~~~~~~~~
..\app\src\main.c:103:3: warning: implicit declaration of function 'BSP_LED_Toggle' [-Wimplicit-function-declaration]
   BSP_LED_Toggle();
   ^~~~~~~~~~~~~~
..\app\src\main.c:34:11: warning: unused variable 'tx_data' [-Wunused-variable]
  uint8_t  tx_data[2];
           ^~~~~~~
In file included from ..\app\src\main.c:8:0:
..\app\src\main.c: At top level:
C:\Users\cyril\Documents\GitHub\MPU6050_STM32\nucleo-32_F303\bsp\inc/mpu9250.h:26:16: warning: 'MPU9250_SPI_SendByte' declared 'static' but never defined [-Wunused-function]
 static uint8_t MPU9250_SPI_SendByte  (uint8_t byte);
                ^~~~~~~~~~~~~~~~~~~~
arm-atollic-eabi-gcc -c ..\bsp\src\bsp.c -mthumb -mcpu=cortex-m4 -mfloat-abi=hard -mfpu=fpv4-sp-d16 -std=gnu11 -DSTM32F303x8 -DUSE_HSI -IC:\Users\cyril\Documents\GitHub\MPU6050_STM32\nucleo-32_F303\app\inc -IC:\Users\cyril\Documents\GitHub\MPU6050_STM32\nucleo-32_F303\bsp\inc -IC:\Users\cyril\Documents\GitHub\MPU6050_STM32\nucleo-32_F303\cmsis\core -IC:\Users\cyril\Documents\GitHub\MPU6050_STM32\nucleo-32_F303\cmsis\device\inc -O0 -g -fstack-usage -Wall -specs=nano.specs -o bsp\src\bsp.o 
arm-atollic-eabi-gcc -c ..\bsp\src\i2c.c -mthumb -mcpu=cortex-m4 -mfloat-abi=hard -mfpu=fpv4-sp-d16 -std=gnu11 -DSTM32F303x8 -DUSE_HSI -IC:\Users\cyril\Documents\GitHub\MPU6050_STM32\nucleo-32_F303\app\inc -IC:\Users\cyril\Documents\GitHub\MPU6050_STM32\nucleo-32_F303\bsp\inc -IC:\Users\cyril\Documents\GitHub\MPU6050_STM32\nucleo-32_F303\cmsis\core -IC:\Users\cyril\Documents\GitHub\MPU6050_STM32\nucleo-32_F303\cmsis\device\inc -O0 -g -fstack-usage -Wall -specs=nano.specs -o bsp\src\i2c.o 
arm-atollic-eabi-gcc -c -mthumb -mcpu=cortex-m4 -mfloat-abi=hard -mfpu=fpv4-sp-d16 -g -Wa,--warn -x assembler-with-cpp -specs=nano.specs -o cmsis\device\src\startup_stm32f303x8.o ..\cmsis\device\src\startup_stm32f303x8.s 
arm-atollic-eabi-gcc -c ..\cmsis\device\src\system_stm32f3xx.c -mthumb -mcpu=cortex-m4 -mfloat-abi=hard -mfpu=fpv4-sp-d16 -std=gnu11 -DSTM32F303x8 -DUSE_HSI -IC:\Users\cyril\Documents\GitHub\MPU6050_STM32\nucleo-32_F303\app\inc -IC:\Users\cyril\Documents\GitHub\MPU6050_STM32\nucleo-32_F303\bsp\inc -IC:\Users\cyril\Documents\GitHub\MPU6050_STM32\nucleo-32_F303\cmsis\core -IC:\Users\cyril\Documents\GitHub\MPU6050_STM32\nucleo-32_F303\cmsis\device\inc -O0 -g -fstack-usage -Wall -specs=nano.specs -o cmsis\device\src\system_stm32f3xx.o 
arm-atollic-eabi-gcc -c ..\bsp\src\mpu6050.c -mthumb -mcpu=cortex-m4 -mfloat-abi=hard -mfpu=fpv4-sp-d16 -std=gnu11 -DSTM32F303x8 -DUSE_HSI -IC:\Users\cyril\Documents\GitHub\MPU6050_STM32\nucleo-32_F303\app\inc -IC:\Users\cyril\Documents\GitHub\MPU6050_STM32\nucleo-32_F303\bsp\inc -IC:\Users\cyril\Documents\GitHub\MPU6050_STM32\nucleo-32_F303\cmsis\core -IC:\Users\cyril\Documents\GitHub\MPU6050_STM32\nucleo-32_F303\cmsis\device\inc -O0 -g -fstack-usage -Wall -specs=nano.specs -o bsp\src\mpu6050.o 
In file included from ..\bsp\src\mpu6050.c:8:0:
C:\Users\cyril\Documents\GitHub\MPU6050_STM32\nucleo-32_F303\bsp\inc/mpu9250.h:26:16: warning: 'MPU9250_SPI_SendByte' declared 'static' but never defined [-Wunused-function]
 static uint8_t MPU9250_SPI_SendByte  (uint8_t byte);
                ^~~~~~~~~~~~~~~~~~~~
arm-atollic-eabi-gcc -c ..\app\src\stm32f3xx_it.c -mthumb -mcpu=cortex-m4 -mfloat-abi=hard -mfpu=fpv4-sp-d16 -std=gnu11 -DSTM32F303x8 -DUSE_HSI -IC:\Users\cyril\Documents\GitHub\MPU6050_STM32\nucleo-32_F303\app\inc -IC:\Users\cyril\Documents\GitHub\MPU6050_STM32\nucleo-32_F303\bsp\inc -IC:\Users\cyril\Documents\GitHub\MPU6050_STM32\nucleo-32_F303\cmsis\core -IC:\Users\cyril\Documents\GitHub\MPU6050_STM32\nucleo-32_F303\cmsis\device\inc -O0 -g -fstack-usage -Wall -specs=nano.specs -o app\src\stm32f3xx_it.o 
arm-atollic-eabi-gcc -o nucleo-32_F303.elf app\src\MadgwickAHRS.o app\src\main.o app\src\printf-stdarg.o app\src\stm32f3xx_it.o bsp\src\bsp.o bsp\src\delay.o bsp\src\i2c.o bsp\src\mpu6050.o cmsis\device\src\startup_stm32f303x8.o cmsis\device\src\system_stm32f3xx.o -mthumb -mcpu=cortex-m4 -mfloat-abi=hard -mfpu=fpv4-sp-d16 -TC:\Users\cyril\Documents\GitHub\MPU6050_STM32\nucleo-32_F303\STM32F303K8Tx_FLASH.ld -specs=nosys.specs -static -Wl,-cref,-u,Reset_Handler -Wl,-Map=nucleo-32_F303.map -Wl,--defsym=malloc_getpagesize_P=0x80 -Wl,--start-group -lc -lm -Wl,--end-group -specs=nano.specs 
C:\Program Files (x86)\Atollic\TrueSTUDIO for STM32 9.3.0\ide\jre\bin\java -jar C:\Program Files (x86)\Atollic\TrueSTUDIO for STM32 9.3.0\Tools\arm-atollic-reports.jar sizeinfo list nucleo-32_F303.elf 
Generate build reports...
Print size information
   text	   data	    bss	    dec	    hex	filename
  15552	    128	   1656	  17336	   43b8	nucleo-32_F303.elf
Print size information done
Generate listing file
Output sent to: nucleo-32_F303.list
Generate listing file done
Generate build reports done
Info: Nothing to build for nucleo-32_F303
12:39:19 **** Rebuild of configuration Debug for project nucleo-32_F303 ****
Info: Internal Builder is used for build
arm-atollic-eabi-gcc -c ..\app\src\printf-stdarg.c -mthumb -mcpu=cortex-m4 -mfloat-abi=hard -mfpu=fpv4-sp-d16 -std=gnu11 -DSTM32F303x8 -DUSE_HSI -IC:\Users\cyril\Documents\GitHub\MPU6050_STM32\nucleo-32_F303\app\inc -IC:\Users\cyril\Documents\GitHub\MPU6050_STM32\nucleo-32_F303\bsp\inc -IC:\Users\cyril\Documents\GitHub\MPU6050_STM32\nucleo-32_F303\cmsis\core -IC:\Users\cyril\Documents\GitHub\MPU6050_STM32\nucleo-32_F303\cmsis\device\inc -O0 -g -fstack-usage -Wall -specs=nano.specs -o app\src\printf-stdarg.o 
arm-atollic-eabi-gcc -c ..\app\src\stm32f3xx_it.c -mthumb -mcpu=cortex-m4 -mfloat-abi=hard -mfpu=fpv4-sp-d16 -std=gnu11 -DSTM32F303x8 -DUSE_HSI -IC:\Users\cyril\Documents\GitHub\MPU6050_STM32\nucleo-32_F303\app\inc -IC:\Users\cyril\Documents\GitHub\MPU6050_STM32\nucleo-32_F303\bsp\inc -IC:\Users\cyril\Documents\GitHub\MPU6050_STM32\nucleo-32_F303\cmsis\core -IC:\Users\cyril\Documents\GitHub\MPU6050_STM32\nucleo-32_F303\cmsis\device\inc -O0 -g -fstack-usage -Wall -specs=nano.specs -o app\src\stm32f3xx_it.o 
arm-atollic-eabi-gcc -c -mthumb -mcpu=cortex-m4 -mfloat-abi=hard -mfpu=fpv4-sp-d16 -g -Wa,--warn -x assembler-with-cpp -specs=nano.specs -o cmsis\device\src\startup_stm32f303x8.o ..\cmsis\device\src\startup_stm32f303x8.s 
arm-atollic-eabi-gcc -c ..\bsp\src\mpu6050.c -mthumb -mcpu=cortex-m4 -mfloat-abi=hard -mfpu=fpv4-sp-d16 -std=gnu11 -DSTM32F303x8 -DUSE_HSI -IC:\Users\cyril\Documents\GitHub\MPU6050_STM32\nucleo-32_F303\app\inc -IC:\Users\cyril\Documents\GitHub\MPU6050_STM32\nucleo-32_F303\bsp\inc -IC:\Users\cyril\Documents\GitHub\MPU6050_STM32\nucleo-32_F303\cmsis\core -IC:\Users\cyril\Documents\GitHub\MPU6050_STM32\nucleo-32_F303\cmsis\device\inc -O0 -g -fstack-usage -Wall -specs=nano.specs -o bsp\src\mpu6050.o 
In file included from ..\bsp\src\mpu6050.c:8:0:
C:\Users\cyril\Documents\GitHub\MPU6050_STM32\nucleo-32_F303\bsp\inc/mpu9250.h:26:16: warning: 'MPU9250_SPI_SendByte' declared 'static' but never defined [-Wunused-function]
 static uint8_t MPU9250_SPI_SendByte  (uint8_t byte);
                ^~~~~~~~~~~~~~~~~~~~
[...]
 static uint8_t MPU9250_SPI_SendByte  (uint8_t byte);
                ^~~~~~~~~~~~~~~~~~~~
arm-atollic-eabi-gcc -c ..\app\src\MadgwickAHRS.c -mthumb -mcpu=cortex-m4 -mfloat-abi=hard -mfpu=fpv4-sp-d16 -std=gnu11 -DSTM32F303x8 -DUSE_HSI -IC:\Users\cyril\Documents\GitHub\MPU6050_STM32\nucleo-32_F303\app\inc -IC:\Users\cyril\Documents\GitHub\MPU6050_STM32\nucleo-32_F303\bsp\inc -IC:\Users\cyril\Documents\GitHub\MPU6050_STM32\nucleo-32_F303\cmsis\core -IC:\Users\cyril\Documents\GitHub\MPU6050_STM32\nucleo-32_F303\cmsis\device\inc -O0 -g -fstack-usage -Wall -specs=nano.specs -o app\src\MadgwickAHRS.o 
arm-atollic-eabi-gcc -c ..\app\src\main.c -mthumb -mcpu=cortex-m4 -mfloat-abi=hard -mfpu=fpv4-sp-d16 -std=gnu11 -DSTM32F303x8 -DUSE_HSI -IC:\Users\cyril\Documents\GitHub\MPU6050_STM32\nucleo-32_F303\app\inc -IC:\Users\cyril\Documents\GitHub\MPU6050_STM32\nucleo-32_F303\bsp\inc -IC:\Users\cyril\Documents\GitHub\MPU6050_STM32\nucleo-32_F303\cmsis\core -IC:\Users\cyril\Documents\GitHub\MPU6050_STM32\nucleo-32_F303\cmsis\device\inc -O0 -g -fstack-usage -Wall -specs=nano.specs -o app\src\main.o 
..\app\src\main.c: In function 'main':
..\app\src\main.c:40:2: warning: implicit declaration of function 'BSP_LED_Init' [-Wimplicit-function-declaration]
  BSP_LED_Init();
  ^~~~~~~~~~~~
..\app\src\main.c:139:3: warning: implicit declaration of function 'BSP_LED_Toggle' [-Wimplicit-function-declaration]
   BSP_LED_Toggle();
   ^~~~~~~~~~~~~~
..\app\src\main.c:34:11: warning: unused variable 'tx_data' [-Wunused-variable]
  uint8_t  tx_data[2];
           ^~~~~~~
In file included from ..\app\src\main.c:8:0:
..\app\src\main.c: At top level:
C:\Users\cyril\Documents\GitHub\MPU6050_STM32\nucleo-32_F303\bsp\inc/mpu9250.h:26:16: warning: 'MPU9250_SPI_SendByte' declared 'static' but never defined [-Wunused-function]
 static uint8_t MPU9250_SPI_SendByte  (uint8_t byte);
                ^~~~~~~~~~~~~~~~~~~~
arm-atollic-eabi-gcc -c ..\cmsis\device\src\system_stm32f3xx.c -mthumb -mcpu=cortex-m4 -mfloat-abi=hard -mfpu=fpv4-sp-d16 -std=gnu11 -DSTM32F303x8 -DUSE_HSI -IC:\Users\cyril\Documents\GitHub\MPU6050_STM32\nucleo-32_F303\app\inc -IC:\Users\cyril\Documents\GitHub\MPU6050_STM32\nucleo-32_F303\bsp\inc -IC:\Users\cyril\Documents\GitHub\MPU6050_STM32\nucleo-32_F303\cmsis\core -IC:\Users\cyril\Documents\GitHub\MPU6050_STM32\nucleo-32_F303\cmsis\device\inc -O0 -g -fstack-usage -Wall -specs=nano.specs -o cmsis\device\src\system_stm32f3xx.o 
arm-atollic-eabi-gcc -c ..\app\src\printf-stdarg.c -mthumb -mcpu=cortex-m4 -mfloat-abi=hard -mfpu=fpv4-sp-d16 -std=gnu11 -DSTM32F303x8 -DUSE_HSI -IC:\Users\cyril\Documents\GitHub\MPU6050_STM32\nucleo-32_F303\app\inc -IC:\Users\cyril\Documents\GitHub\MPU6050_STM32\nucleo-32_F303\bsp\inc -IC:\Users\cyril\Documents\GitHub\MPU6050_STM32\nucleo-32_F303\cmsis\core -IC:\Users\cyril\Documents\GitHub\MPU6050_STM32\nucleo-32_F303\cmsis\device\inc -O0 -g -fstack-usage -Wall -specs=nano.specs -o app\src\printf-stdarg.o 
arm-atollic-eabi-gcc -c ..\app\src\stm32f3xx_it.c -mthumb -mcpu=cortex-m4 -mfloat-abi=hard -mfpu=fpv4-sp-d16 -std=gnu11 -DSTM32F303x8 -DUSE_HSI -IC:\Users\cyril\Documents\GitHub\MPU6050_STM32\nucleo-32_F303\app\inc -IC:\Users\cyril\Documents\GitHub\MPU6050_STM32\nucleo-32_F303\bsp\inc -IC:\Users\cyril\Documents\GitHub\MPU6050_STM32\nucleo-32_F303\cmsis\core -IC:\Users\cyril\Documents\GitHub\MPU6050_STM32\nucleo-32_F303\cmsis\device\inc -O0 -g -fstack-usage -Wall -specs=nano.specs -o app\src\stm32f3xx_it.o 
arm-atollic-eabi-gcc -c ..\bsp\src\bsp.c -mthumb -mcpu=cortex-m4 -mfloat-abi=hard -mfpu=fpv4-sp-d16 -std=gnu11 -DSTM32F303x8 -DUSE_HSI -IC:\Users\cyril\Documents\GitHub\MPU6050_STM32\nucleo-32_F303\app\inc -IC:\Users\cyril\Documents\GitHub\MPU6050_STM32\nucleo-32_F303\bsp\inc -IC:\Users\cyril\Documents\GitHub\MPU6050_STM32\nucleo-32_F303\cmsis\core -IC:\Users\cyril\Documents\GitHub\MPU6050_STM32\nucleo-32_F303\cmsis\device\inc -O0 -g -fstack-usage -Wall -specs=nano.specs -o bsp\src\bsp.o 
arm-atollic-eabi-gcc -c ..\bsp\src\i2c.c -mthumb -mcpu=cortex-m4 -mfloat-abi=hard -mfpu=fpv4-sp-d16 -std=gnu11 -DSTM32F303x8 -DUSE_HSI -IC:\Users\cyril\Documents\GitHub\MPU6050_STM32\nucleo-32_F303\app\inc -IC:\Users\cyril\Documents\GitHub\MPU6050_STM32\nucleo-32_F303\bsp\inc -IC:\Users\cyril\Documents\GitHub\MPU6050_STM32\nucleo-32_F303\cmsis\core -IC:\Users\cyril\Documents\GitHub\MPU6050_STM32\nucleo-32_F303\cmsis\device\inc -O0 -g -fstack-usage -Wall -specs=nano.specs -o bsp\src\i2c.o 
arm-atollic-eabi-gcc -o nucleo-32_F303.elf app\src\MadgwickAHRS.o app\src\main.o app\src\printf-stdarg.o app\src\stm32f3xx_it.o bsp\src\bsp.o bsp\src\delay.o bsp\src\i2c.o bsp\src\mpu6050.o cmsis\device\src\startup_stm32f303x8.o cmsis\device\src\system_stm32f3xx.o -mthumb -mcpu=cortex-m4 -mfloat-abi=hard -mfpu=fpv4-sp-d16 -TC:\Users\cyril\Documents\GitHub\MPU6050_STM32\nucleo-32_F303\STM32F303K8Tx_FLASH.ld -specs=nosys.specs -static -Wl,-cref,-u,Reset_Handler -Wl,-Map=nucleo-32_F303.map -Wl,--defsym=malloc_getpagesize_P=0x80 -Wl,--start-group -lc -lm -Wl,--end-group -specs=nano.specs 
C:\Program Files (x86)\Atollic\TrueSTUDIO for STM32 9.3.0\ide\jre\bin\java -jar C:\Program Files (x86)\Atollic\TrueSTUDIO for STM32 9.3.0\Tools\arm-atollic-reports.jar sizeinfo list nucleo-32_F303.elf 
Generate build reports...
Print size information
   text	   data	    bss	    dec	    hex	filename
  15472	    128	   1656	  17256	   4368	nucleo-32_F303.elf
Print size information done
Generate listing file
Output sent to: nucleo-32_F303.list
Generate listing file done
Generate build reports done
Info: Nothing to build for nucleo-32_F303
19:14:11 **** Rebuild of configuration Debug for project nucleo-32_F303 ****
Info: Internal Builder is used for build
arm-atollic-eabi-gcc -c ..\app\src\main.c -mthumb -mcpu=cortex-m4 -mfloat-abi=hard -mfpu=fpv4-sp-d16 -std=gnu11 -DSTM32F303x8 -DUSE_HSI -IC:\Users\cyril\Documents\GitHub\MPU6050_STM32\nucleo-32_F303\app\inc -IC:\Users\cyril\Documents\GitHub\MPU6050_STM32\nucleo-32_F303\bsp\inc -IC:\Users\cyril\Documents\GitHub\MPU6050_STM32\nucleo-32_F303\cmsis\core -IC:\Users\cyril\Documents\GitHub\MPU6050_STM32\nucleo-32_F303\cmsis\device\inc -O0 -g -fstack-usage -Wall -specs=nano.specs -o app\src\main.o 
..\app\src\main.c: In function 'main':
..\app\src\main.c:40:2: warning: implicit declaration of function 'BSP_LED_Init' [-Wimplicit-function-declaration]
  BSP_LED_Init();
  ^~~~~~~~~~~~
..\app\src\main.c:139:3: warning: implicit declaration of function 'BSP_LED_Toggle' [-Wimplicit-function-declaration]
   BSP_LED_Toggle();
   ^~~~~~~~~~~~~~
..\app\src\main.c:34:11: warning: unused variable 'tx_data' [-Wunused-variable]
  uint8_t  tx_data[2];
           ^~~~~~~
In file included from ..\app\src\main.c:8:0:
..\app\src\main.c: At top level:
C:\Users\cyril\Documents\GitHub\MPU6050_STM32\nucleo-32_F303\bsp\inc/mpu9250.h:26:16: warning: 'MPU9250_SPI_SendByte' declared 'static' but never defined [-Wunused-function]
 static uint8_t MPU9250_SPI_SendByte  (uint8_t byte);
                ^~~~~~~~~~~~~~~~~~~~
arm-atollic-eabi-gcc -c ..\app\src\stm32f3xx_it.c -mthumb -mcpu=cortex-m4 -mfloat-abi=hard -mfpu=fpv4-sp-d16 -std=gnu11 -DSTM32F303x8 -DUSE_HSI -IC:\Users\cyril\Documents\GitHub\MPU6050_STM32\nucleo-32_F303\app\inc -IC:\Users\cyril\Documents\GitHub\MPU6050_STM32\nucleo-32_F303\bsp\inc -IC:\Users\cyril\Documents\GitHub\MPU6050_STM32\nucleo-32_F303\cmsis\core -IC:\Users\cyril\Documents\GitHub\MPU6050_STM32\nucleo-32_F303\cmsis\device\inc -O0 -g -fstack-usage -Wall -specs=nano.specs -o app\src\stm32f3xx_it.o 
arm-atollic-eabi-gcc -c -mthumb -mcpu=cortex-m4 -mfloat-abi=hard -mfpu=fpv4-sp-d16 -g -Wa,--warn -x assembler-with-cpp -specs=nano.specs -o cmsis\device\src\startup_stm32f303x8.o ..\cmsis\device\src\startup_stm32f303x8.s 
arm-atollic-eabi-gcc -c ..\cmsis\device\src\system_stm32f3xx.c -mthumb -mcpu=cortex-m4 -mfloat-abi=hard -mfpu=fpv4-sp-d16 -std=gnu11 -DSTM32F303x8 -DUSE_HSI -IC:\Users\cyril\Documents\GitHub\MPU6050_STM32\nucleo-32_F303\app\inc -IC:\Users\cyril\Documents\GitHub\MPU6050_STM32\nucleo-32_F303\bsp\inc -IC:\Users\cyril\Documents\GitHub\MPU6050_STM32\nucleo-32_F303\cmsis\core -IC:\Users\cyril\Documents\GitHub\MPU6050_STM32\nucleo-32_F303\cmsis\device\inc -O0 -g -fstack-usage -Wall -specs=nano.specs -o cmsis\device\src\system_stm32f3xx.o 
arm-atollic-eabi-gcc -c ..\bsp\src\bsp.c -mthumb -mcpu=cortex-m4 -mfloat-abi=hard -mfpu=fpv4-sp-d16 -std=gnu11 -DSTM32F303x8 -DUSE_HSI -IC:\Users\cyril\Documents\GitHub\MPU6050_STM32\nucleo-32_F303\app\inc -IC:\Users\cyril\Documents\GitHub\MPU6050_STM32\nucleo-32_F303\bsp\inc -IC:\Users\cyril\Documents\GitHub\MPU6050_STM32\nucleo-32_F303\cmsis\core -IC:\Users\cyril\Documents\GitHub\MPU6050_STM32\nucleo-32_F303\cmsis\device\inc -O0 -g -fstack-usage -Wall -specs=nano.specs -o bsp\src\bsp.o 
arm-atollic-eabi-gcc -c ..\bsp\src\delay.c -mthumb -mcpu=cortex-m4 -mfloat-abi=hard -mfpu=fpv4-sp-d16 -std=gnu11 -DSTM32F303x8 -DUSE_HSI -IC:\Users\cyril\Documents\GitHub\MPU6050_STM32\nucleo-32_F303\app\inc -IC:\Users\cyril\Documents\GitHub\MPU6050_STM32\nucleo-32_F303\bsp\inc -IC:\Users\cyril\Documents\GitHub\MPU6050_STM32\nucleo-32_F303\cmsis\core -IC:\Users\cyril\Documents\GitHub\MPU6050_STM32\nucleo-32_F303\cmsis\device\inc -O0 -g -fstack-usage -Wall -specs=nano.specs -o bsp\src\delay.o 
arm-atollic-eabi-gcc -c ..\bsp\src\i2c.c -mthumb -mcpu=cortex-m4 -mfloat-abi=hard -mfpu=fpv4-sp-d16 -std=gnu11 -DSTM32F303x8 -DUSE_HSI -IC:\Users\cyril\Documents\GitHub\MPU6050_STM32\nucleo-32_F303\app\inc -IC:\Users\cyril\Documents\GitHub\MPU6050_STM32\nucleo-32_F303\bsp\inc -IC:\Users\cyril\Documents\GitHub\MPU6050_STM32\nucleo-32_F303\cmsis\core -IC:\Users\cyril\Documents\GitHub\MPU6050_STM32\nucleo-32_F303\cmsis\device\inc -O0 -g -fstack-usage -Wall -specs=nano.specs -o bsp\src\i2c.o 
arm-atollic-eabi-gcc -c ..\app\src\MadgwickAHRS.c -mthumb -mcpu=cortex-m4 -mfloat-abi=hard -mfpu=fpv4-sp-d16 -std=gnu11 -DSTM32F303x8 -DUSE_HSI -IC:\Users\cyril\Documents\GitHub\MPU6050_STM32\nucleo-32_F303\app\inc -IC:\Users\cyril\Documents\GitHub\MPU6050_STM32\nucleo-32_F303\bsp\inc -IC:\Users\cyril\Documents\GitHub\MPU6050_STM32\nucleo-32_F303\cmsis\core -IC:\Users\cyril\Documents\GitHub\MPU6050_STM32\nucleo-32_F303\cmsis\device\inc -O0 -g -fstack-usage -Wall -specs=nano.specs -o app\src\MadgwickAHRS.o 
arm-atollic-eabi-gcc -c ..\bsp\src\mpu6050.c -mthumb -mcpu=cortex-m4 -mfloat-abi=hard -mfpu=fpv4-sp-d16 -std=gnu11 -DSTM32F303x8 -DUSE_HSI -IC:\Users\cyril\Documents\GitHub\MPU6050_STM32\nucleo-32_F303\app\inc -IC:\Users\cyril\Documents\GitHub\MPU6050_STM32\nucleo-32_F303\bsp\inc -IC:\Users\cyril\Documents\GitHub\MPU6050_STM32\nucleo-32_F303\cmsis\core -IC:\Users\cyril\Documents\GitHub\MPU6050_STM32\nucleo-32_F303\cmsis\device\inc -O0 -g -fstack-usage -Wall -specs=nano.specs -o bsp\src\mpu6050.o 
In file included from ..\bsp\src\mpu6050.c:8:0:
C:\Users\cyril\Documents\GitHub\MPU6050_STM32\nucleo-32_F303\bsp\inc/mpu9250.h:26:16: warning: 'MPU9250_SPI_SendByte' declared 'static' but never defined [-Wunused-function]
 static uint8_t MPU9250_SPI_SendByte  (uint8_t byte);
                ^~~~~~~~~~~~~~~~~~~~
arm-atollic-eabi-gcc -c ..\app\src\printf-stdarg.c -mthumb -mcpu=cortex-m4 -mfloat-abi=hard -mfpu=fpv4-sp-d16 -std=gnu11 -DSTM32F303x8 -DUSE_HSI -IC:\Users\cyril\Documents\GitHub\MPU6050_STM32\nucleo-32_F303\app\inc -IC:\Users\cyril\Documents\GitHub\MPU6050_STM32\nucleo-32_F303\bsp\inc -IC:\Users\cyril\Documents\GitHub\MPU6050_STM32\nucleo-32_F303\cmsis\core -IC:\Users\cyril\Documents\GitHub\MPU6050_STM32\nucleo-32_F303\cmsis\device\inc -O0 -g -fstack-usage -Wall -specs=nano.specs -o app\src\printf-stdarg.o 
arm-atollic-eabi-gcc -o nucleo-32_F303.elf app\src\MadgwickAHRS.o app\src\main.o app\src\printf-stdarg.o app\src\stm32f3xx_it.o bsp\src\bsp.o bsp\src\delay.o bsp\src\i2c.o bsp\src\mpu6050.o cmsis\device\src\startup_stm32f303x8.o cmsis\device\src\system_stm32f3xx.o -mthumb -mcpu=cortex-m4 -mfloat-abi=hard -mfpu=fpv4-sp-d16 -TC:\Users\cyril\Documents\GitHub\MPU6050_STM32\nucleo-32_F303\STM32F303K8Tx_FLASH.ld -specs=nosys.specs -static -Wl,-cref,-u,Reset_Handler -Wl,-Map=nucleo-32_F303.map -Wl,--defsym=malloc_getpagesize_P=0x80 -Wl,--start-group -lc -lm -Wl,--end-group -specs=nano.specs 
C:\Program Files (x86)\Atollic\TrueSTUDIO for STM32 9.3.0\ide\jre\bin\java -jar C:\Program Files (x86)\Atollic\TrueSTUDIO for STM32 9.3.0\Tools\arm-atollic-reports.jar sizeinfo list nucleo-32_F303.elf 
Generate build reports...
Print size information
   text	   data	    bss	    dec	    hex	filename
  15472	    128	   1656	  17256	   4368	nucleo-32_F303.elf
Print size information done
Generate listing file
Output sent to: nucleo-32_F303.list
Generate listing file done
Generate build reports done
Info: Nothing to build for nucleo-32_F303
19:15:14 **** Rebuild of configuration Debug for project nucleo-32_F303 ****
Info: Internal Builder is used for build
arm-atollic-eabi-gcc -c ..\app\src\MadgwickAHRS.c -mthumb -mcpu=cortex-m4 -mfloat-abi=hard -mfpu=fpv4-sp-d16 -std=gnu11 -DSTM32F303x8 -DUSE_HSI -IC:\Users\cyril\Documents\GitHub\MPU6050_STM32\nucleo-32_F303\app\inc -IC:\Users\cyril\Documents\GitHub\MPU6050_STM32\nucleo-32_F303\bsp\inc -IC:\Users\cyril\Documents\GitHub\MPU6050_STM32\nucleo-32_F303\cmsis\core -IC:\Users\cyril\Documents\GitHub\MPU6050_STM32\nucleo-32_F303\cmsis\device\inc -O0 -g -fstack-usage -Wall -specs=nano.specs -o app\src\MadgwickAHRS.o 
arm-atollic-eabi-gcc -c ..\bsp\src\delay.c -mthumb -mcpu=cortex-m4 -mfloat-abi=hard -mfpu=fpv4-sp-d16 -std=gnu11 -DSTM32F303x8 -DUSE_HSI -IC:\Users\cyril\Documents\GitHub\MPU6050_STM32\nucleo-32_F303\app\inc -IC:\Users\cyril\Documents\GitHub\MPU6050_STM32\nucleo-32_F303\bsp\inc -IC:\Users\cyril\Documents\GitHub\MPU6050_STM32\nucleo-32_F303\cmsis\core -IC:\Users\cyril\Documents\GitHub\MPU6050_STM32\nucleo-32_F303\cmsis\device\inc -O0 -g -fstack-usage -Wall -specs=nano.specs -o bsp\src\delay.o 
arm-atollic-eabi-gcc -c ..\bsp\src\mpu6050.c -mthumb -mcpu=cortex-m4 -mfloat-abi=hard -mfpu=fpv4-sp-d16 -std=gnu11 -DSTM32F303x8 -DUSE_HSI -IC:\Users\cyril\Documents\GitHub\MPU6050_STM32\nucleo-32_F303\app\inc -IC:\Users\cyril\Documents\GitHub\MPU6050_STM32\nucleo-32_F303\bsp\inc -IC:\Users\cyril\Documents\GitHub\MPU6050_STM32\nucleo-32_F303\cmsis\core -IC:\Users\cyril\Documents\GitHub\MPU6050_STM32\nucleo-32_F303\cmsis\device\inc -O0 -g -fstack-usage -Wall -specs=nano.specs -o bsp\src\mpu6050.o 
In file included from ..\bsp\src\mpu6050.c:8:0:
C:\Users\cyril\Documents\GitHub\MPU6050_STM32\nucleo-32_F303\bsp\inc/mpu9250.h:26:16: warning: 'MPU9250_SPI_SendByte' declared 'static' but never defined [-Wunused-function]
 static uint8_t MPU9250_SPI_SendByte  (uint8_t byte);
                ^~~~~~~~~~~~~~~~~~~~
arm-atollic-eabi-gcc -c -mthumb -mcpu=cortex-m4 -mfloat-abi=hard -mfpu=fpv4-sp-d16 -g -Wa,--warn -x assembler-with-cpp -specs=nano.specs -o cmsis\device\src\startup_stm32f303x8.o ..\cmsis\device\src\startup_stm32f303x8.s 
arm-atollic-eabi-gcc -c ..\app\src\printf-stdarg.c -mthumb -mcpu=cortex-m4 -mfloat-abi=hard -mfpu=fpv4-sp-d16 -std=gnu11 -DSTM32F303x8 -DUSE_HSI -IC:\Users\cyril\Documents\GitHub\MPU6050_STM32\nucleo-32_F303\app\inc -IC:\Users\cyril\Documents\GitHub\MPU6050_STM32\nucleo-32_F303\bsp\inc -IC:\Users\cyril\Documents\GitHub\MPU6050_STM32\nucleo-32_F303\cmsis\core -IC:\Users\cyril\Documents\GitHub\MPU6050_STM32\nucleo-32_F303\cmsis\device\inc -O0 -g -fstack-usage -Wall -specs=nano.specs -o app\src\printf-stdarg.o 
arm-atollic-eabi-gcc -c ..\app\src\stm32f3xx_it.c -mthumb -mcpu=cortex-m4 -mfloat-abi=hard -mfpu=fpv4-sp-d16 -std=gnu11 -DSTM32F303x8 -DUSE_HSI -IC:\Users\cyril\Documents\GitHub\MPU6050_STM32\nucleo-32_F303\app\inc -IC:\Users\cyril\Documents\GitHub\MPU6050_STM32\nucleo-32_F303\bsp\inc -IC:\Users\cyril\Documents\GitHub\MPU6050_STM32\nucleo-32_F303\cmsis\core -IC:\Users\cyril\Documents\GitHub\MPU6050_STM32\nucleo-32_F303\cmsis\device\inc -O0 -g -fstack-usage -Wall -specs=nano.specs -o app\src\stm32f3xx_it.o 
arm-atollic-eabi-gcc -c ..\bsp\src\bsp.c -mthumb -mcpu=cortex-m4 -mfloat-abi=hard -mfpu=fpv4-sp-d16 -std=gnu11 -DSTM32F303x8 -DUSE_HSI -IC:\Users\cyril\Documents\GitHub\MPU6050_STM32\nucleo-32_F303\app\inc -IC:\Users\cyril\Documents\GitHub\MPU6050_STM32\nucleo-32_F303\bsp\inc -IC:\Users\cyril\Documents\GitHub\MPU6050_STM32\nucleo-32_F303\cmsis\core -IC:\Users\cyril\Documents\GitHub\MPU6050_STM32\nucleo-32_F303\cmsis\device\inc -O0 -g -fstack-usage -Wall -specs=nano.specs -o bsp\src\bsp.o 
arm-atollic-eabi-gcc -c ..\cmsis\device\src\system_stm32f3xx.c -mthumb -mcpu=cortex-m4 -mfloat-abi=hard -mfpu=fpv4-sp-d16 -std=gnu11 -DSTM32F303x8 -DUSE_HSI -IC:\Users\cyril\Documents\GitHub\MPU6050_STM32\nucleo-32_F303\app\inc -IC:\Users\cyril\Documents\GitHub\MPU6050_STM32\nucleo-32_F303\bsp\inc -IC:\Users\cyril\Documents\GitHub\MPU6050_STM32\nucleo-32_F303\cmsis\core -IC:\Users\cyril\Documents\GitHub\MPU6050_STM32\nucleo-32_F303\cmsis\device\inc -O0 -g -fstack-usage -Wall -specs=nano.specs -o cmsis\device\src\system_stm32f3xx.o 
arm-atollic-eabi-gcc -c ..\app\src\main.c -mthumb -mcpu=cortex-m4 -mfloat-abi=hard -mfpu=fpv4-sp-d16 -std=gnu11 -DSTM32F303x8 -DUSE_HSI -IC:\Users\cyril\Documents\GitHub\MPU6050_STM32\nucleo-32_F303\app\inc -IC:\Users\cyril\Documents\GitHub\MPU6050_STM32\nucleo-32_F303\bsp\inc -IC:\Users\cyril\Documents\GitHub\MPU6050_STM32\nucleo-32_F303\cmsis\core -IC:\Users\cyril\Documents\GitHub\MPU6050_STM32\nucleo-32_F303\cmsis\device\inc -O0 -g -fstack-usage -Wall -specs=nano.specs -o app\src\main.o 
..\app\src\main.c: In function 'main':
..\app\src\main.c:40:2: warning: implicit declaration of function 'BSP_LED_Init' [-Wimplicit-function-declaration]
  BSP_LED_Init();
  ^~~~~~~~~~~~
..\app\src\main.c:139:3: warning: implicit declaration of function 'BSP_LED_Toggle' [-Wimplicit-function-declaration]
   BSP_LED_Toggle();
   ^~~~~~~~~~~~~~
..\app\src\main.c:34:11: warning: unused variable 'tx_data' [-Wunused-variable]
  uint8_t  tx_data[2];
           ^~~~~~~
In file included from ..\app\src\main.c:8:0:
..\app\src\main.c: At top level:
C:\Users\cyril\Documents\GitHub\MPU6050_STM32\nucleo-32_F303\bsp\inc/mpu9250.h:26:16: warning: 'MPU9250_SPI_SendByte' declared 'static' but never defined [-Wunused-function]
 static uint8_t MPU9250_SPI_SendByte  (uint8_t byte);
                ^~~~~~~~~~~~~~~~~~~~
arm-atollic-eabi-gcc -c ..\bsp\src\i2c.c -mthumb -mcpu=cortex-m4 -mfloat-abi=hard -mfpu=fpv4-sp-d16 -std=gnu11 -DSTM32F303x8 -DUSE_HSI -IC:\Users\cyril\Documents\GitHub\MPU6050_STM32\nucleo-32_F303\app\inc -IC:\Users\cyril\Documents\GitHub\MPU6050_STM32\nucleo-32_F303\bsp\inc -IC:\Users\cyril\Documents\GitHub\MPU6050_STM32\nucleo-32_F303\cmsis\core -IC:\Users\cyril\Documents\GitHub\MPU6050_STM32\nucleo-32_F303\cmsis\device\inc -O0 -g -fstack-usage -Wall -specs=nano.specs -o bsp\src\i2c.o 
arm-atollic-eabi-gcc -o nucleo-32_F303.elf app\src\MadgwickAHRS.o app\src\main.o app\src\printf-stdarg.o app\src\stm32f3xx_it.o bsp\src\bsp.o bsp\src\delay.o bsp\src\i2c.o bsp\src\mpu6050.o cmsis\device\src\startup_stm32f303x8.o cmsis\device\src\system_stm32f3xx.o -mthumb -mcpu=cortex-m4 -mfloat-abi=hard -mfpu=fpv4-sp-d16 -TC:\Users\cyril\Documents\GitHub\MPU6050_STM32\nucleo-32_F303\STM32F303K8Tx_FLASH.ld -specs=nosys.specs -static -Wl,-cref,-u,Reset_Handler -Wl,-Map=nucleo-32_F303.map -Wl,--defsym=malloc_getpagesize_P=0x80 -Wl,--start-group -lc -lm -Wl,--end-group -specs=nano.specs 
C:\Program Files (x86)\Atollic\TrueSTUDIO for STM32 9.3.0\ide\jre\bin\java -jar C:\Program Files (x86)\Atollic\TrueSTUDIO for STM32 9.3.0\Tools\arm-atollic-reports.jar sizeinfo list nucleo-32_F303.elf 
Generate build reports...
Print size information
   text	   data	    bss	    dec	    hex	filename
  15472	    128	   1656	  17256	   4368	nucleo-32_F303.elf
Print size information done
Generate listing file
Output sent to: nucleo-32_F303.list
Generate listing file done
Generate build reports done
Info: Nothing to build for nucleo-32_F303
